Archive member included to satisfy reference by file (symbol)

C:/ST/STM32CubeCLT_1.15.0/GNU-tools-for-STM32/bin/../lib/gcc/arm-none-eabi/12.3.1/../../../../arm-none-eabi/lib/thumb/v7e-m+fp/hard\libc_nano.a(libc_a-exit.o)
                              C:/ST/STM32CubeCLT_1.15.0/GNU-tools-for-STM32/bin/../lib/gcc/arm-none-eabi/12.3.1/../../../../arm-none-eabi/lib/thumb/v7e-m+fp/hard/crt0.o (exit)
C:/ST/STM32CubeCLT_1.15.0/GNU-tools-for-STM32/bin/../lib/gcc/arm-none-eabi/12.3.1/../../../../arm-none-eabi/lib/thumb/v7e-m+fp/hard\libc_nano.a(libc_a-findfp.o)
                              C:/ST/STM32CubeCLT_1.15.0/GNU-tools-for-STM32/bin/../lib/gcc/arm-none-eabi/12.3.1/../../../../arm-none-eabi/lib/thumb/v7e-m+fp/hard\libc_nano.a(libc_a-exit.o) (__stdio_exit_handler)
C:/ST/STM32CubeCLT_1.15.0/GNU-tools-for-STM32/bin/../lib/gcc/arm-none-eabi/12.3.1/../../../../arm-none-eabi/lib/thumb/v7e-m+fp/hard\libc_nano.a(libc_a-fwalk.o)
                              C:/ST/STM32CubeCLT_1.15.0/GNU-tools-for-STM32/bin/../lib/gcc/arm-none-eabi/12.3.1/../../../../arm-none-eabi/lib/thumb/v7e-m+fp/hard\libc_nano.a(libc_a-findfp.o) (_fwalk_sglue)
C:/ST/STM32CubeCLT_1.15.0/GNU-tools-for-STM32/bin/../lib/gcc/arm-none-eabi/12.3.1/../../../../arm-none-eabi/lib/thumb/v7e-m+fp/hard\libc_nano.a(libc_a-stdio.o)
                              C:/ST/STM32CubeCLT_1.15.0/GNU-tools-for-STM32/bin/../lib/gcc/arm-none-eabi/12.3.1/../../../../arm-none-eabi/lib/thumb/v7e-m+fp/hard\libc_nano.a(libc_a-findfp.o) (__sread)
C:/ST/STM32CubeCLT_1.15.0/GNU-tools-for-STM32/bin/../lib/gcc/arm-none-eabi/12.3.1/../../../../arm-none-eabi/lib/thumb/v7e-m+fp/hard\libc_nano.a(libc_a-memset.o)
                              C:/ST/STM32CubeCLT_1.15.0/GNU-tools-for-STM32/bin/../lib/gcc/arm-none-eabi/12.3.1/../../../../arm-none-eabi/lib/thumb/v7e-m+fp/hard/crt0.o (memset)
C:/ST/STM32CubeCLT_1.15.0/GNU-tools-for-STM32/bin/../lib/gcc/arm-none-eabi/12.3.1/../../../../arm-none-eabi/lib/thumb/v7e-m+fp/hard\libc_nano.a(libc_a-closer.o)
                              C:/ST/STM32CubeCLT_1.15.0/GNU-tools-for-STM32/bin/../lib/gcc/arm-none-eabi/12.3.1/../../../../arm-none-eabi/lib/thumb/v7e-m+fp/hard\libc_nano.a(libc_a-stdio.o) (_close_r)
C:/ST/STM32CubeCLT_1.15.0/GNU-tools-for-STM32/bin/../lib/gcc/arm-none-eabi/12.3.1/../../../../arm-none-eabi/lib/thumb/v7e-m+fp/hard\libc_nano.a(libc_a-reent.o)
                              C:/ST/STM32CubeCLT_1.15.0/GNU-tools-for-STM32/bin/../lib/gcc/arm-none-eabi/12.3.1/../../../../arm-none-eabi/lib/thumb/v7e-m+fp/hard\libc_nano.a(libc_a-closer.o) (errno)
C:/ST/STM32CubeCLT_1.15.0/GNU-tools-for-STM32/bin/../lib/gcc/arm-none-eabi/12.3.1/../../../../arm-none-eabi/lib/thumb/v7e-m+fp/hard\libc_nano.a(libc_a-impure.o)
                              C:/ST/STM32CubeCLT_1.15.0/GNU-tools-for-STM32/bin/../lib/gcc/arm-none-eabi/12.3.1/../../../../arm-none-eabi/lib/thumb/v7e-m+fp/hard\libc_nano.a(libc_a-reent.o) (_impure_ptr)
C:/ST/STM32CubeCLT_1.15.0/GNU-tools-for-STM32/bin/../lib/gcc/arm-none-eabi/12.3.1/../../../../arm-none-eabi/lib/thumb/v7e-m+fp/hard\libc_nano.a(libc_a-lseekr.o)
                              C:/ST/STM32CubeCLT_1.15.0/GNU-tools-for-STM32/bin/../lib/gcc/arm-none-eabi/12.3.1/../../../../arm-none-eabi/lib/thumb/v7e-m+fp/hard\libc_nano.a(libc_a-stdio.o) (_lseek_r)
C:/ST/STM32CubeCLT_1.15.0/GNU-tools-for-STM32/bin/../lib/gcc/arm-none-eabi/12.3.1/../../../../arm-none-eabi/lib/thumb/v7e-m+fp/hard\libc_nano.a(libc_a-readr.o)
                              C:/ST/STM32CubeCLT_1.15.0/GNU-tools-for-STM32/bin/../lib/gcc/arm-none-eabi/12.3.1/../../../../arm-none-eabi/lib/thumb/v7e-m+fp/hard\libc_nano.a(libc_a-stdio.o) (_read_r)
C:/ST/STM32CubeCLT_1.15.0/GNU-tools-for-STM32/bin/../lib/gcc/arm-none-eabi/12.3.1/../../../../arm-none-eabi/lib/thumb/v7e-m+fp/hard\libc_nano.a(libc_a-writer.o)
                              C:/ST/STM32CubeCLT_1.15.0/GNU-tools-for-STM32/bin/../lib/gcc/arm-none-eabi/12.3.1/../../../../arm-none-eabi/lib/thumb/v7e-m+fp/hard\libc_nano.a(libc_a-stdio.o) (_write_r)
C:/ST/STM32CubeCLT_1.15.0/GNU-tools-for-STM32/bin/../lib/gcc/arm-none-eabi/12.3.1/../../../../arm-none-eabi/lib/thumb/v7e-m+fp/hard\libc_nano.a(libc_a-init.o)
                              C:/ST/STM32CubeCLT_1.15.0/GNU-tools-for-STM32/bin/../lib/gcc/arm-none-eabi/12.3.1/../../../../arm-none-eabi/lib/thumb/v7e-m+fp/hard/crt0.o (__libc_init_array)
C:/ST/STM32CubeCLT_1.15.0/GNU-tools-for-STM32/bin/../lib/gcc/arm-none-eabi/12.3.1/../../../../arm-none-eabi/lib/thumb/v7e-m+fp/hard\libc_nano.a(libc_a-lock.o)
                              C:/ST/STM32CubeCLT_1.15.0/GNU-tools-for-STM32/bin/../lib/gcc/arm-none-eabi/12.3.1/../../../../arm-none-eabi/lib/thumb/v7e-m+fp/hard\libc_nano.a(libc_a-findfp.o) (__retarget_lock_init_recursive)
C:/ST/STM32CubeCLT_1.15.0/GNU-tools-for-STM32/bin/../lib/gcc/arm-none-eabi/12.3.1/../../../../arm-none-eabi/lib/thumb/v7e-m+fp/hard\libc_nano.a(libc_a-freer.o)
[...]
Memory Configuration

Name             Origin             Length             Attributes
RAM              0x20000000         0x00020000         xrw
FLASH            0x08000000         0x00080000         xr
*default*        0x00000000         0xffffffff

Linker script and memory map

LOAD C:/ST/STM32CubeCLT_1.15.0/GNU-tools-for-STM32/bin/../lib/gcc/arm-none-eabi/12.3.1/thumb/v7e-m+fp/hard/crti.o
LOAD C:/ST/STM32CubeCLT_1.15.0/GNU-tools-for-STM32/bin/../lib/gcc/arm-none-eabi/12.3.1/thumb/v7e-m+fp/hard/crtbegin.o
LOAD C:/ST/STM32CubeCLT_1.15.0/GNU-tools-for-STM32/bin/../lib/gcc/arm-none-eabi/12.3.1/../../../../arm-none-eabi/lib/thumb/v7e-m+fp/hard/crt0.o
START GROUP
LOAD C:/ST/STM32CubeCLT_1.15.0/GNU-tools-for-STM32/bin/../lib/gcc/arm-none-eabi/12.3.1/../../../../arm-none-eabi/lib/thumb/v7e-m+fp/hard\libc_nano.a
LOAD C:/ST/STM32CubeCLT_1.15.0/GNU-tools-for-STM32/bin/../lib/gcc/arm-none-eabi/12.3.1/../../../../arm-none-eabi/lib/thumb/v7e-m+fp/hard\libm.a
END GROUP
LOAD CMakeFiles/ASME_Chassis.dir/Core/Src/main.c.obj
LOAD CMakeFiles/ASME_Chassis.dir/Core/Src/PID.c.obj
LOAD CMakeFiles/ASME_Chassis.dir/Core/Src/L298N.c.obj
LOAD CMakeFiles/ASME_Chassis.dir/Core/Src/VL53L0X.c.obj
LOAD CMakeFiles/ASME_Chassis.dir/Core/Src/stm32f4xx_it.c.obj
LOAD CMakeFiles/ASME_Chassis.dir/Core/Src/stm32f4xx_hal_msp.c.obj
LOAD CMakeFiles/ASME_Chassis.dir/Drivers/STM32F4xx_HAL_Driver/Src/stm32f4xx_hal_i2c.c.obj
LOAD CMakeFiles/ASME_Chassis.dir/Drivers/STM32F4xx_HAL_Driver/Src/stm32f4xx_hal_i2c_ex.c.obj
LOAD CMakeFiles/ASME_Chassis.dir/Drivers/STM32F4xx_HAL_Driver/Src/stm32f4xx_hal_rcc.c.obj
LOAD CMakeFiles/ASME_Chassis.dir/Drivers/STM32F4xx_HAL_Driver/Src/stm32f4xx_hal_rcc_ex.c.obj
LOAD CMakeFiles/ASME_Chassis.dir/Drivers/STM32F4xx_HAL_Driver/Src/stm32f4xx_hal_flash.c.obj
LOAD CMakeFiles/ASME_Chassis.dir/Drivers/STM32F4xx_HAL_Driver/Src/stm32f4xx_hal_flash_ex.c.obj
LOAD CMakeFiles/ASME_Chassis.dir/Drivers/STM32F4xx_HAL_Driver/Src/stm32f4xx_hal_flash_ramfunc.c.obj
LOAD CMakeFiles/ASME_Chassis.dir/Drivers/STM32F4xx_HAL_Driver/Src/stm32f4xx_hal_gpio.c.obj
LOAD CMakeFiles/ASME_Chassis.dir/Drivers/STM32F4xx_HAL_Driver/Src/stm32f4xx_hal_dma_ex.c.obj
LOAD CMakeFiles/ASME_Chassis.dir/Drivers/STM32F4xx_HAL_Driver/Src/stm32f4xx_hal_dma.c.obj
LOAD CMakeFiles/ASME_Chassis.dir/Drivers/STM32F4xx_HAL_Driver/Src/stm32f4xx_hal_pwr.c.obj
LOAD CMakeFiles/ASME_Chassis.dir/Drivers/STM32F4xx_HAL_Driver/Src/stm32f4xx_hal_pwr_ex.c.obj
LOAD CMakeFiles/ASME_Chassis.dir/Drivers/STM32F4xx_HAL_Driver/Src/stm32f4xx_hal_cortex.c.obj
LOAD CMakeFiles/ASME_Chassis.dir/Drivers/STM32F4xx_HAL_Driver/Src/stm32f4xx_hal.c.obj
LOAD CMakeFiles/ASME_Chassis.dir/Drivers/STM32F4xx_HAL_Driver/Src/stm32f4xx_hal_exti.c.obj
LOAD CMakeFiles/ASME_Chassis.dir/Drivers/STM32F4xx_HAL_Driver/Src/stm32f4xx_hal_tim.c.obj
LOAD CMakeFiles/ASME_Chassis.dir/Drivers/STM32F4xx_HAL_Driver/Src/stm32f4xx_hal_tim_ex.c.obj
LOAD CMakeFiles/ASME_Chassis.dir/Drivers/STM32F4xx_HAL_Driver/Src/stm32f4xx_hal_uart.c.obj
LOAD CMakeFiles/ASME_Chassis.dir/Core/Src/system_stm32f4xx.c.obj
LOAD CMakeFiles/ASME_Chassis.dir/Core/Src/sysmem.c.obj
LOAD CMakeFiles/ASME_Chassis.dir/Core/Src/syscalls.c.obj
LOAD CMakeFiles/ASME_Chassis.dir/startup_stm32f446xx.s.obj
START GROUP
LOAD C:/ST/STM32CubeCLT_1.15.0/GNU-tools-for-STM32/bin/../lib/gcc/arm-none-eabi/12.3.1/thumb/v7e-m+fp/hard\libgcc.a
LOAD C:/ST/STM32CubeCLT_1.15.0/GNU-tools-for-STM32/bin/../lib/gcc/arm-none-eabi/12.3.1/../../../../arm-none-eabi/lib/thumb/v7e-m+fp/hard\libg_nano.a
LOAD C:/ST/STM32CubeCLT_1.15.0/GNU-tools-for-STM32/bin/../lib/gcc/arm-none-eabi/12.3.1/../../../../arm-none-eabi/lib/thumb/v7e-m+fp/hard\libc_nano.a
END GROUP
START GROUP
LOAD C:/ST/STM32CubeCLT_1.15.0/GNU-tools-for-STM32/bin/../lib/gcc/arm-none-eabi/12.3.1/thumb/v7e-m+fp/hard\libgcc.a
LOAD C:/ST/STM32CubeCLT_1.15.0/GNU-tools-for-STM32/bin/../lib/gcc/arm-none-eabi/12.3.1/../../../../arm-none-eabi/lib/thumb/v7e-m+fp/hard\libc_nano.a
END GROUP
LOAD C:/ST/STM32CubeCLT_1.15.0/GNU-tools-for-STM32/bin/../lib/gcc/arm-none-eabi/12.3.1/thumb/v7e-m+fp/hard/crtend.o
LOAD C:/ST/STM32CubeCLT_1.15.0/GNU-tools-for-STM32/bin/../lib/gcc/arm-none-eabi/12.3.1/thumb/v7e-m+fp/hard/crtn.o
                0x20020000                        _estack = (ORIGIN (RAM) + LENGTH (RAM))
                0x00000200                        _Min_Heap_Size = 0x200
                0x00000400                        _Min_Stack_Size = 0x400

.isr_vector     0x08000000      0x1c4
                0x08000000                        . = ALIGN (0x4)
 *(.isr_vector)
 .isr_vector    0x08000000      0x1c4 CMakeFiles/ASME_Chassis.dir/startup_stm32f446xx.s.obj
                0x08000000                g_pfnVectors
                0x080001c4                        . = ALIGN (0x4)

.text           0x080001c8     0x5ef4
                0x080001c8                        . = ALIGN (0x4)
 *(.text)
 .text          0x080001c8       0x40 C:/ST/STM32CubeCLT_1.15.0/GNU-tools-for-STM32/bin/../lib/gcc/arm-none-eabi/12.3.1/thumb/v7e-m+fp/hard/crtbegin.o
 .text          0x08000208      0x378 C:/ST/STM32CubeCLT_1.15.0/GNU-tools-for-STM32/bin/../lib/gcc/arm-none-eabi/12.3.1/thumb/v7e-m+fp/hard\libgcc.a(_arm_addsubdf3.o)
                0x08000208                __aeabi_drsub
                0x08000210                __aeabi_dsub
                0x08000210                __subdf3
                0x08000214                __aeabi_dadd
                0x08000214                __adddf3
                0x0800048c                __floatunsidf
                0x0800048c                __aeabi_ui2d
                0x080004ac                __floatsidf
                0x080004ac                __aeabi_i2d
                0x080004d0                __aeabi_f2d
                0x080004d0                __extendsfdf2
                0x08000514                __floatundidf
                0x08000514                __aeabi_ul2d
                0x08000524                __floatdidf
                0x08000524                __aeabi_l2d
 .text          0x08000580      0x110 C:/ST/STM32CubeCLT_1.15.0/GNU-tools-for-STM32/bin/../lib/gcc/arm-none-eabi/12.3.1/thumb/v7e-m+fp/hard\libgcc.a(_arm_cmpdf2.o)
                0x08000580                __gtdf2
                0x08000580                __gedf2
                0x08000588                __ltdf2
                0x08000588                __ledf2
                0x08000590                __nedf2
                0x08000590                __eqdf2
                0x08000590                __cmpdf2
                0x0800060c                __aeabi_cdrcmple
                0x0800061c                __aeabi_cdcmpeq
                0x0800061c                __aeabi_cdcmple
                0x0800062c                __aeabi_dcmpeq
                0x08000640                __aeabi_dcmplt
                0x08000654                __aeabi_dcmple
                0x08000668                __aeabi_dcmpge
                0x0800067c                __aeabi_dcmpgt
 .text          0x08000690       0x30 C:/ST/STM32CubeCLT_1.15.0/GNU-tools-for-STM32/bin/../lib/gcc/arm-none-eabi/12.3.1/thumb/v7e-m+fp/hard\libgcc.a(_aeabi_uldivmod.o)
                0x08000690                __aeabi_uldivmod
 .text          0x080006c0      0x2bc C:/ST/STM32CubeCLT_1.15.0/GNU-tools-for-STM32/bin/../lib/gcc/arm-none-eabi/12.3.1/thumb/v7e-m+fp/hard\libgcc.a(_udivmoddi4.o)
                0x080006c0                __udivmoddi4
 .text          0x0800097c        0x4 C:/ST/STM32CubeCLT_1.15.0/GNU-tools-for-STM32/bin/../lib/gcc/arm-none-eabi/12.3.1/thumb/v7e-m+fp/hard\libgcc.a(_dvmd_tls.o)
                0x0800097c                __aeabi_idiv0
                0x0800097c                __aeabi_ldiv0
 *(.text*)
 .text.memset   0x08000980       0x10 C:/ST/STM32CubeCLT_1.15.0/GNU-tools-for-STM32/bin/../lib/gcc/arm-none-eabi/12.3.1/../../../../arm-none-eabi/lib/thumb/v7e-m+fp/hard\libc_nano.a(libc_a-memset.o)
                0x08000980                memset
 .text.__libc_init_array
                0x08000990       0x48 C:/ST/STM32CubeCLT_1.15.0/GNU-tools-for-STM32/bin/../lib/gcc/arm-none-eabi/12.3.1/../../../../arm-none-eabi/lib/thumb/v7e-m+fp/hard\libc_nano.a(libc_a-init.o)
                0x08000990                __libc_init_array
 .text.main     0x080009d8      0x108 CMakeFiles/ASME_Chassis.dir/Core/Src/main.c.obj
                0x080009d8                main
 .text.SystemClock_Config
                0x08000ae0       0xd8 CMakeFiles/ASME_Chassis.dir/Core/Src/main.c.obj
                0x08000ae0                SystemClock_Config
 .text.MX_I2C1_Init
                0x08000bb8       0x5c CMakeFiles/ASME_Chassis.dir/Core/Src/main.c.obj
 .text.MX_TIM2_Init
                0x08000c14       0xfc CMakeFiles/ASME_Chassis.dir/Core/Src/main.c.obj
 .text.MX_TIM3_Init
                0x08000d10       0xa8 CMakeFiles/ASME_Chassis.dir/Core/Src/main.c.obj
 .text.MX_TIM4_Init
                0x08000db8       0xa8 CMakeFiles/ASME_Chassis.dir/Core/Src/main.c.obj
 .text.MX_USART2_UART_Init
                0x08000e60       0x54 CMakeFiles/ASME_Chassis.dir/Core/Src/main.c.obj
 .text.MX_GPIO_Init
                0x08000eb4       0xdc CMakeFiles/ASME_Chassis.dir/Core/Src/main.c.obj
 .text.Error_Handler
                0x08000f90        0xc CMakeFiles/ASME_Chassis.dir/Core/Src/main.c.obj
                0x08000f90                Error_Handler
 .text.PID_Init
                0x08000f9c       0x56 CMakeFiles/ASME_Chassis.dir/Core/Src/PID.c.obj
                0x08000f9c                PID_Init
 *fill*         0x08000ff2        0x2 
 .text.PID_Compute
                0x08000ff4      0x100 CMakeFiles/ASME_Chassis.dir/Core/Src/PID.c.obj
                0x08000ff4                PID_Compute
 .text.Speed_setting
                0x080010f4       0x92 CMakeFiles/ASME_Chassis.dir/Core/Src/L298N.c.obj
                0x080010f4                Speed_setting
 *fill*         0x08001186        0x2 
 .text.writeReg
                0x08001188       0x54 CMakeFiles/ASME_Chassis.dir/Core/Src/VL53L0X.c.obj
                0x08001188                writeReg
 .text.writeReg16Bit
                0x080011dc       0x54 CMakeFiles/ASME_Chassis.dir/Core/Src/VL53L0X.c.obj
                0x080011dc                writeReg16Bit
 .text.readReg  0x08001230       0x58 CMakeFiles/ASME_Chassis.dir/Core/Src/VL53L0X.c.obj
                0x08001230                readReg
 .text.readReg16Bit
                0x08001288       0x58 CMakeFiles/ASME_Chassis.dir/Core/Src/VL53L0X.c.obj
                0x08001288                readReg16Bit
 .text.writeMulti
                0x080012e0       0x5c CMakeFiles/ASME_Chassis.dir/Core/Src/VL53L0X.c.obj
                0x080012e0                writeMulti
 .text.readMulti
                0x0800133c       0x54 CMakeFiles/ASME_Chassis.dir/Core/Src/VL53L0X.c.obj
                0x0800133c                readMulti
 .text.initVL53L0X
                0x08001390      0x4bc CMakeFiles/ASME_Chassis.dir/Core/Src/VL53L0X.c.obj
                0x08001390                initVL53L0X
 *fill*         0x0800184c        0x4 
 .text.setSignalRateLimit
                0x08001850       0x6c CMakeFiles/ASME_Chassis.dir/Core/Src/VL53L0X.c.obj
                0x08001850                setSignalRateLimit
 .text.setMeasurementTimingBudget
                0x080018bc      0x130 CMakeFiles/ASME_Chassis.dir/Core/Src/VL53L0X.c.obj
                0x080018bc                setMeasurementTimingBudget
 .text.getMeasurementTimingBudget
                0x080019ec       0xc4 CMakeFiles/ASME_Chassis.dir/Core/Src/VL53L0X.c.obj
                0x080019ec                getMeasurementTimingBudget
 .text.setVcselPulsePeriod
                0x08001ab0      0x29c CMakeFiles/ASME_Chassis.dir/Core/Src/VL53L0X.c.obj
                0x08001ab0                setVcselPulsePeriod
 .text.getVcselPulsePeriod
                0x08001d4c       0x44 CMakeFiles/ASME_Chassis.dir/Core/Src/VL53L0X.c.obj
                0x08001d4c                getVcselPulsePeriod
 .text.readRangeContinuousMillimeters
                0x08001d90       0xec CMakeFiles/ASME_Chassis.dir/Core/Src/VL53L0X.c.obj
                0x08001d90                readRangeContinuousMillimeters
 .text.readRangeSingleMillimeters
                0x08001e7c       0xb8 CMakeFiles/ASME_Chassis.dir/Core/Src/VL53L0X.c.obj
                0x08001e7c                readRangeSingleMillimeters
 .text.getSpadInfo
                0x08001f34      0x128 CMakeFiles/ASME_Chassis.dir/Core/Src/VL53L0X.c.obj
                0x08001f34                getSpadInfo
 .text.getSequenceStepEnables
                0x0800205c       0x64 CMakeFiles/ASME_Chassis.dir/Core/Src/VL53L0X.c.obj
                0x0800205c                getSequenceStepEnables
 .text.getSequenceStepTimeouts
                0x080020c0       0xca CMakeFiles/ASME_Chassis.dir/Core/Src/VL53L0X.c.obj
                0x080020c0                getSequenceStepTimeouts
 .text.decodeTimeout
                0x0800218a       0x28 CMakeFiles/ASME_Chassis.dir/Core/Src/VL53L0X.c.obj
 .text.encodeTimeout
                0x080021b2       0x54 CMakeFiles/ASME_Chassis.dir/Core/Src/VL53L0X.c.obj
 *fill*         0x08002206        0x2 
 .text.timeoutMclksToMicroseconds
                0x08002208       0x50 CMakeFiles/ASME_Chassis.dir/Core/Src/VL53L0X.c.obj
 .text.timeoutMicrosecondsToMclks
                0x08002258       0x4c CMakeFiles/ASME_Chassis.dir/Core/Src/VL53L0X.c.obj
 .text.performSingleRefCalibration
                0x080022a4       0x80 CMakeFiles/ASME_Chassis.dir/Core/Src/VL53L0X.c.obj
                0x080022a4                performSingleRefCalibration
 .text.NMI_Handler
                0x08002324        0x8 CMakeFiles/ASME_Chassis.dir/Core/Src/stm32f4xx_it.c.obj
                0x08002324                NMI_Handler
 .text.HardFault_Handler
                0x0800232c        0x8 CMakeFiles/ASME_Chassis.dir/Core/Src/stm32f4xx_it.c.obj
                0x0800232c                HardFault_Handler
 .text.MemManage_Handler
                0x08002334        0x8 CMakeFiles/ASME_Chassis.dir/Core/Src/stm32f4xx_it.c.obj
                0x08002334                MemManage_Handler
 .text.BusFault_Handler
                0x0800233c        0x8 CMakeFiles/ASME_Chassis.dir/Core/Src/stm32f4xx_it.c.obj
                0x0800233c                BusFault_Handler
 .text.UsageFault_Handler
                0x08002344        0x8 CMakeFiles/ASME_Chassis.dir/Core/Src/stm32f4xx_it.c.obj
                0x08002344                UsageFault_Handler
 .text.SVC_Handler
                0x0800234c        0xe CMakeFiles/ASME_Chassis.dir/Core/Src/stm32f4xx_it.c.obj
                0x0800234c                SVC_Handler
 .text.DebugMon_Handler
                0x0800235a        0xe CMakeFiles/ASME_Chassis.dir/Core/Src/stm32f4xx_it.c.obj
                0x0800235a                DebugMon_Handler
 .text.PendSV_Handler
                0x08002368        0xe CMakeFiles/ASME_Chassis.dir/Core/Src/stm32f4xx_it.c.obj
                0x08002368                PendSV_Handler
 .text.SysTick_Handler
                0x08002376        0xc CMakeFiles/ASME_Chassis.dir/Core/Src/stm32f4xx_it.c.obj
                0x08002376                SysTick_Handler
 *fill*         0x08002382        0x2 
 .text.TIM3_IRQHandler
                0x08002384       0x14 CMakeFiles/ASME_Chassis.dir/Core/Src/stm32f4xx_it.c.obj
                0x08002384                TIM3_IRQHandler
 .text.TIM4_IRQHandler
                0x08002398       0x14 CMakeFiles/ASME_Chassis.dir/Core/Src/stm32f4xx_it.c.obj
                0x08002398                TIM4_IRQHandler
 .text.HAL_MspInit
                0x080023ac       0x50 CMakeFiles/ASME_Chassis.dir/Core/Src/stm32f4xx_hal_msp.c.obj
                0x080023ac                HAL_MspInit
 .text.HAL_I2C_MspInit
                0x080023fc       0x90 CMakeFiles/ASME_Chassis.dir/Core/Src/stm32f4xx_hal_msp.c.obj
                0x080023fc                HAL_I2C_MspInit
 .text.HAL_TIM_Base_MspInit
                0x0800248c       0x40 CMakeFiles/ASME_Chassis.dir/Core/Src/stm32f4xx_hal_msp.c.obj
                0x0800248c                HAL_TIM_Base_MspInit
 .text.HAL_TIM_Encoder_MspInit
                0x080024cc      0x11c CMakeFiles/ASME_Chassis.dir/Core/Src/stm32f4xx_hal_msp.c.obj
                0x080024cc                HAL_TIM_Encoder_MspInit
 .text.HAL_TIM_MspPostInit
                0x080025e8       0x70 CMakeFiles/ASME_Chassis.dir/Core/Src/stm32f4xx_hal_msp.c.obj
                0x080025e8                HAL_TIM_MspPostInit
 .text.HAL_UART_MspInit
                0x08002658       0x90 CMakeFiles/ASME_Chassis.dir/Core/Src/stm32f4xx_hal_msp.c.obj
                0x08002658                HAL_UART_MspInit
 .text.HAL_I2C_Init
                0x080026e8      0x288 CMakeFiles/ASME_Chassis.dir/Drivers/STM32F4xx_HAL_Driver/Src/stm32f4xx_hal_i2c.c.obj
                0x080026e8                HAL_I2C_Init
 .text.HAL_I2C_Mem_Write
                0x08002970      0x1f4 CMakeFiles/ASME_Chassis.dir/Drivers/STM32F4xx_HAL_Driver/Src/stm32f4xx_hal_i2c.c.obj
                0x08002970                HAL_I2C_Mem_Write
 .text.HAL_I2C_Mem_Read
                0x08002b64      0x464 CMakeFiles/ASME_Chassis.dir/Drivers/STM32F4xx_HAL_Driver/Src/stm32f4xx_hal_i2c.c.obj
                0x08002b64                HAL_I2C_Mem_Read
 .text.I2C_RequestMemoryWrite
                0x08002fc8      0x12c CMakeFiles/ASME_Chassis.dir/Drivers/STM32F4xx_HAL_Driver/Src/stm32f4xx_hal_i2c.c.obj
 .text.I2C_RequestMemoryRead
                0x080030f4      0x1d0 CMakeFiles/ASME_Chassis.dir/Drivers/STM32F4xx_HAL_Driver/Src/stm32f4xx_hal_i2c.c.obj
 .text.I2C_WaitOnFlagUntilTimeout
                0x080032c4       0xf4 CMakeFiles/ASME_Chassis.dir/Drivers/STM32F4xx_HAL_Driver/Src/stm32f4xx_hal_i2c.c.obj
 .text.I2C_WaitOnMasterAddressFlagUntilTimeout
                0x080033b8      0x140 CMakeFiles/ASME_Chassis.dir/Drivers/STM32F4xx_HAL_Driver/Src/stm32f4xx_hal_i2c.c.obj
 .text.I2C_WaitOnTXEFlagUntilTimeout
                0x080034f8       0x90 CMakeFiles/ASME_Chassis.dir/Drivers/STM32F4xx_HAL_Driver/Src/stm32f4xx_hal_i2c.c.obj
 .text.I2C_WaitOnBTFFlagUntilTimeout
                0x08003588       0x90 CMakeFiles/ASME_Chassis.dir/Drivers/STM32F4xx_HAL_Driver/Src/stm32f4xx_hal_i2c.c.obj
 .text.I2C_WaitOnRXNEFlagUntilTimeout
                0x08003618       0xba CMakeFiles/ASME_Chassis.dir/Drivers/STM32F4xx_HAL_Driver/Src/stm32f4xx_hal_i2c.c.obj
 .text.I2C_IsAcknowledgeFailed
                0x080036d2       0x5e CMakeFiles/ASME_Chassis.dir/Drivers/STM32F4xx_HAL_Driver/Src/stm32f4xx_hal_i2c.c.obj
 .text.HAL_RCC_ClockConfig
                0x08003730      0x1cc CMakeFiles/ASME_Chassis.dir/Drivers/STM32F4xx_HAL_Driver/Src/stm32f4xx_hal_rcc.c.obj
                0x08003730                HAL_RCC_ClockConfig
 .text.HAL_RCC_GetHCLKFreq
                0x080038fc       0x18 CMakeFiles/ASME_Chassis.dir/Drivers/STM32F4xx_HAL_Driver/Src/stm32f4xx_hal_rcc.c.obj
                0x080038fc                HAL_RCC_GetHCLKFreq
 .text.HAL_RCC_GetPCLK1Freq
                0x08003914       0x28 CMakeFiles/ASME_Chassis.dir/Drivers/STM32F4xx_HAL_Driver/Src/stm32f4xx_hal_rcc.c.obj
                0x08003914                HAL_RCC_GetPCLK1Freq
 .text.HAL_RCC_GetPCLK2Freq
                0x0800393c       0x28 CMakeFiles/ASME_Chassis.dir/Drivers/STM32F4xx_HAL_Driver/Src/stm32f4xx_hal_rcc.c.obj
                0x0800393c                HAL_RCC_GetPCLK2Freq
 .text.HAL_RCC_GetSysClockFreq
                0x08003964      0x460 CMakeFiles/ASME_Chassis.dir/Drivers/STM32F4xx_HAL_Driver/Src/stm32f4xx_hal_rcc_ex.c.obj
                0x08003964                HAL_RCC_GetSysClockFreq
 .text.HAL_RCC_OscConfig
                0x08003dc4      0x53c CMakeFiles/ASME_Chassis.dir/Drivers/STM32F4xx_HAL_Driver/Src/stm32f4xx_hal_rcc_ex.c.obj
                0x08003dc4                HAL_RCC_OscConfig
 .text.HAL_GPIO_Init
                0x08004300      0x328 CMakeFiles/ASME_Chassis.dir/Drivers/STM32F4xx_HAL_Driver/Src/stm32f4xx_hal_gpio.c.obj
                0x08004300                HAL_GPIO_Init
 .text.HAL_GPIO_WritePin
                0x08004628       0x32 CMakeFiles/ASME_Chassis.dir/Drivers/STM32F4xx_HAL_Driver/Src/stm32f4xx_hal_gpio.c.obj
                0x08004628                HAL_GPIO_WritePin
 *fill*         0x0800465a        0x2 
 .text.__NVIC_SetPriorityGrouping
                0x0800465c       0x48 CMakeFiles/ASME_Chassis.dir/Drivers/STM32F4xx_HAL_Driver/Src/stm32f4xx_hal_cortex.c.obj
 .text.__NVIC_GetPriorityGrouping
                0x080046a4       0x1c CMakeFiles/ASME_Chassis.dir/Drivers/STM32F4xx_HAL_Driver/Src/stm32f4xx_hal_cortex.c.obj
 .text.__NVIC_EnableIRQ
                0x080046c0       0x3c CMakeFiles/ASME_Chassis.dir/Drivers/STM32F4xx_HAL_Driver/Src/stm32f4xx_hal_cortex.c.obj
 .text.__NVIC_SetPriority
                0x080046fc       0x54 CMakeFiles/ASME_Chassis.dir/Drivers/STM32F4xx_HAL_Driver/Src/stm32f4xx_hal_cortex.c.obj
 .text.NVIC_EncodePriority
                0x08004750       0x66 CMakeFiles/ASME_Chassis.dir/Drivers/STM32F4xx_HAL_Driver/Src/stm32f4xx_hal_cortex.c.obj
 *fill*         0x080047b6        0x2 
 .text.SysTick_Config
                0x080047b8       0x44 CMakeFiles/ASME_Chassis.dir/Drivers/STM32F4xx_HAL_Driver/Src/stm32f4xx_hal_cortex.c.obj
 .text.HAL_NVIC_SetPriorityGrouping
                0x080047fc       0x16 CMakeFiles/ASME_Chassis.dir/Drivers/STM32F4xx_HAL_Driver/Src/stm32f4xx_hal_cortex.c.obj
                0x080047fc                HAL_NVIC_SetPriorityGrouping
 .text.HAL_NVIC_SetPriority
                0x08004812       0x38 CMakeFiles/ASME_Chassis.dir/Drivers/STM32F4xx_HAL_Driver/Src/stm32f4xx_hal_cortex.c.obj
                0x08004812                HAL_NVIC_SetPriority
 .text.HAL_NVIC_EnableIRQ
                0x0800484a       0x1c CMakeFiles/ASME_Chassis.dir/Drivers/STM32F4xx_HAL_Driver/Src/stm32f4xx_hal_cortex.c.obj
                0x0800484a                HAL_NVIC_EnableIRQ
 .text.HAL_SYSTICK_Config
                0x08004866       0x18 CMakeFiles/ASME_Chassis.dir/Drivers/STM32F4xx_HAL_Driver/Src/stm32f4xx_hal_cortex.c.obj
                0x08004866                HAL_SYSTICK_Config
 *fill*         0x0800487e        0x2 
 .text.HAL_Init
                0x08004880       0x44 CMakeFiles/ASME_Chassis.dir/Drivers/STM32F4xx_HAL_Driver/Src/stm32f4xx_hal.c.obj
                0x08004880                HAL_Init
 .text.HAL_InitTick
                0x080048c4       0x60 CMakeFiles/ASME_Chassis.dir/Drivers/STM32F4xx_HAL_Driver/Src/stm32f4xx_hal.c.obj
                0x080048c4                HAL_InitTick
 .text.HAL_IncTick
                0x08004924       0x28 CMakeFiles/ASME_Chassis.dir/Drivers/STM32F4xx_HAL_Driver/Src/stm32f4xx_hal.c.obj
                0x08004924                HAL_IncTick
 .text.HAL_GetTick
                0x0800494c       0x18 CMakeFiles/ASME_Chassis.dir/Drivers/STM32F4xx_HAL_Driver/Src/stm32f4xx_hal.c.obj
                0x0800494c                HAL_GetTick
 .text.HAL_Delay
                0x08004964       0x48 CMakeFiles/ASME_Chassis.dir/Drivers/STM32F4xx_HAL_Driver/Src/stm32f4xx_hal.c.obj
                0x08004964                HAL_Delay
 .text.HAL_TIM_Base_Init
                0x080049ac       0x9e CMakeFiles/ASME_Chassis.dir/Drivers/STM32F4xx_HAL_Driver/Src/stm32f4xx_hal_tim.c.obj
                0x080049ac                HAL_TIM_Base_Init
 .text.HAL_TIM_PWM_Init
                0x08004a4a       0x9e CMakeFiles/ASME_Chassis.dir/Drivers/STM32F4xx_HAL_Driver/Src/stm32f4xx_hal_tim.c.obj
                0x08004a4a                HAL_TIM_PWM_Init
 .text.HAL_TIM_PWM_MspInit
                0x08004ae8       0x14 CMakeFiles/ASME_Chassis.dir/Drivers/STM32F4xx_HAL_Driver/Src/stm32f4xx_hal_tim.c.obj
                0x08004ae8                HAL_TIM_PWM_MspInit
 .text.HAL_TIM_PWM_Start
                0x08004afc      0x190 CMakeFiles/ASME_Chassis.dir/Drivers/STM32F4xx_HAL_Driver/Src/stm32f4xx_hal_tim.c.obj
                0x08004afc                HAL_TIM_PWM_Start
 .text.HAL_TIM_Encoder_Init
                0x08004c8c      0x14c CMakeFiles/ASME_Chassis.dir/Drivers/STM32F4xx_HAL_Driver/Src/stm32f4xx_hal_tim.c.obj
                0x08004c8c                HAL_TIM_Encoder_Init
 .text.HAL_TIM_IRQHandler
                0x08004dd8      0x1e0 CMakeFiles/ASME_Chassis.dir/Drivers/STM32F4xx_HAL_Driver/Src/stm32f4xx_hal_tim.c.obj
                0x08004dd8                HAL_TIM_IRQHandler
 .text.HAL_TIM_PWM_ConfigChannel
                0x08004fb8      0x184 CMakeFiles/ASME_Chassis.dir/Drivers/STM32F4xx_HAL_Driver/Src/stm32f4xx_hal_tim.c.obj
                0x08004fb8                HAL_TIM_PWM_ConfigChannel
 .text.HAL_TIM_ConfigClockSource
                0x0800513c      0x18e CMakeFiles/ASME_Chassis.dir/Drivers/STM32F4xx_HAL_Driver/Src/stm32f4xx_hal_tim.c.obj
                0x0800513c                HAL_TIM_ConfigClockSource
 .text.HAL_TIM_PeriodElapsedCallback
                0x080052ca       0x14 CMakeFiles/ASME_Chassis.dir/Drivers/STM32F4xx_HAL_Driver/Src/stm32f4xx_hal_tim.c.obj
                0x080052ca                HAL_TIM_PeriodElapsedCallback
 .text.HAL_TIM_OC_DelayElapsedCallback
                0x080052de       0x14 CMakeFiles/ASME_Chassis.dir/Drivers/STM32F4xx_HAL_Driver/Src/stm32f4xx_hal_tim.c.obj
                0x080052de                HAL_TIM_OC_DelayElapsedCallback
 .text.HAL_TIM_IC_CaptureCallback
                0x080052f2       0x14 CMakeFiles/ASME_Chassis.dir/Drivers/STM32F4xx_HAL_Driver/Src/stm32f4xx_hal_tim.c.obj
                0x080052f2                HAL_TIM_IC_CaptureCallback
 .text.HAL_TIM_PWM_PulseFinishedCallback
                0x08005306       0x14 CMakeFiles/ASME_Chassis.dir/Drivers/STM32F4xx_HAL_Driver/Src/stm32f4xx_hal_tim.c.obj
                0x08005306                HAL_TIM_PWM_PulseFinishedCallback
 .text.HAL_TIM_TriggerCallback
                0x0800531a       0x14 CMakeFiles/ASME_Chassis.dir/Drivers/STM32F4xx_HAL_Driver/Src/stm32f4xx_hal_tim.c.obj
                0x0800531a                HAL_TIM_TriggerCallback
 *fill*         0x0800532e        0x2 
 .text.TIM_Base_SetConfig
                0x08005330      0x158 CMakeFiles/ASME_Chassis.dir/Drivers/STM32F4xx_HAL_Driver/Src/stm32f4xx_hal_tim.c.obj
                0x08005330                TIM_Base_SetConfig
 .text.TIM_OC1_SetConfig
                0x08005488       0xe0 CMakeFiles/ASME_Chassis.dir/Drivers/STM32F4xx_HAL_Driver/Src/stm32f4xx_hal_tim.c.obj
 .text.TIM_OC2_SetConfig
                0x08005568       0xec CMakeFiles/ASME_Chassis.dir/Drivers/STM32F4xx_HAL_Driver/Src/stm32f4xx_hal_tim.c.obj
                0x08005568                TIM_OC2_SetConfig
 .text.TIM_OC3_SetConfig
                0x08005654       0xe8 CMakeFiles/ASME_Chassis.dir/Drivers/STM32F4xx_HAL_Driver/Src/stm32f4xx_hal_tim.c.obj
 .text.TIM_OC4_SetConfig
                0x0800573c       0xac CMakeFiles/ASME_Chassis.dir/Drivers/STM32F4xx_HAL_Driver/Src/stm32f4xx_hal_tim.c.obj
 .text.TIM_TI1_ConfigInputStage
                0x080057e8       0x5e CMakeFiles/ASME_Chassis.dir/Drivers/STM32F4xx_HAL_Driver/Src/stm32f4xx_hal_tim.c.obj
 .text.TIM_TI2_ConfigInputStage
                0x08005846       0x60 CMakeFiles/ASME_Chassis.dir/Drivers/STM32F4xx_HAL_Driver/Src/stm32f4xx_hal_tim.c.obj
 .text.TIM_ITRx_SetConfig
                0x080058a6       0x36 CMakeFiles/ASME_Chassis.dir/Drivers/STM32F4xx_HAL_Driver/Src/stm32f4xx_hal_tim.c.obj
 .text.TIM_ETR_SetConfig
                0x080058dc       0x40 CMakeFiles/ASME_Chassis.dir/Drivers/STM32F4xx_HAL_Driver/Src/stm32f4xx_hal_tim.c.obj
                0x080058dc                TIM_ETR_SetConfig
 .text.TIM_CCxChannelCmd
                0x0800591c       0x4a CMakeFiles/ASME_Chassis.dir/Drivers/STM32F4xx_HAL_Driver/Src/stm32f4xx_hal_tim.c.obj
                0x0800591c                TIM_CCxChannelCmd
 *fill*         0x08005966        0x2 
 .text.HAL_TIMEx_MasterConfigSynchronization
                0x08005968       0xf8 CMakeFiles/ASME_Chassis.dir/Drivers/STM32F4xx_HAL_Driver/Src/stm32f4xx_hal_tim_ex.c.obj
                0x08005968                HAL_TIMEx_MasterConfigSynchronization
 .text.HAL_TIMEx_CommutCallback
                0x08005a60       0x14 CMakeFiles/ASME_Chassis.dir/Drivers/STM32F4xx_HAL_Driver/Src/stm32f4xx_hal_tim_ex.c.obj
                0x08005a60                HAL_TIMEx_CommutCallback
 .text.HAL_TIMEx_BreakCallback
                0x08005a74       0x14 CMakeFiles/ASME_Chassis.dir/Drivers/STM32F4xx_HAL_Driver/Src/stm32f4xx_hal_tim_ex.c.obj
                0x08005a74                HAL_TIMEx_BreakCallback
 .text.HAL_UART_Init
                0x08005a88       0xa0 CMakeFiles/ASME_Chassis.dir/Drivers/STM32F4xx_HAL_Driver/Src/stm32f4xx_hal_uart.c.obj
                0x08005a88                HAL_UART_Init
 .text.UART_SetConfig
                0x08005b28      0x4e8 CMakeFiles/ASME_Chassis.dir/Drivers/STM32F4xx_HAL_Driver/Src/stm32f4xx_hal_uart.c.obj
 .text.SystemInit
                0x08006010       0x24 CMakeFiles/ASME_Chassis.dir/Core/Src/system_stm32f4xx.c.obj
                0x08006010                SystemInit
 .text.Reset_Handler
                0x08006034       0x50 CMakeFiles/ASME_Chassis.dir/startup_stm32f446xx.s.obj
                0x08006034                Reset_Handler
 .text.Default_Handler
                0x08006084        0x2 CMakeFiles/ASME_Chassis.dir/startup_stm32f446xx.s.obj
                0x08006084                RTC_Alarm_IRQHandler
                0x08006084                EXTI2_IRQHandler
                0x08006084                TIM8_CC_IRQHandler
                0x08006084                FMPI2C1_EV_IRQHandler
                0x08006084                SPI4_IRQHandler
                0x08006084                TIM1_CC_IRQHandler
                0x08006084                DMA2_Stream5_IRQHandler
                0x08006084                DMA1_Stream5_IRQHandler
                0x08006084                PVD_IRQHandler
                0x08006084                SDIO_IRQHandler
                0x08006084                TAMP_STAMP_IRQHandler
                0x08006084                CAN2_RX1_IRQHandler
                0x08006084                EXTI3_IRQHandler
                0x08006084                TIM8_TRG_COM_TIM14_IRQHandler
                0x08006084                TIM1_UP_TIM10_IRQHandler
                0x08006084                TIM8_UP_TIM13_IRQHandler
                0x08006084                I2C3_ER_IRQHandler
                0x08006084                EXTI0_IRQHandler
                0x08006084                I2C2_EV_IRQHandler
                0x08006084                DMA1_Stream2_IRQHandler
                0x08006084                CAN1_RX0_IRQHandler
                0x08006084                FPU_IRQHandler
                0x08006084                OTG_HS_WKUP_IRQHandler
                0x08006084                CAN2_SCE_IRQHandler
                0x08006084                DMA2_Stream2_IRQHandler
                0x08006084                SPI1_IRQHandler
                0x08006084                TIM6_DAC_IRQHandler
                0x08006084                TIM1_BRK_TIM9_IRQHandler
                0x08006084                DCMI_IRQHandler
                0x08006084                CAN2_RX0_IRQHandler
                0x08006084                DMA2_Stream3_IRQHandler
                0x08006084                SAI2_IRQHandler
                0x08006084                USART6_IRQHandler
                0x08006084                USART3_IRQHandler
                0x08006084                CAN1_RX1_IRQHandler
                0x08006084                UART5_IRQHandler
                0x08006084                DMA2_Stream0_IRQHandler
                0x08006084                QUADSPI_IRQHandler
                0x08006084                I2C1_EV_IRQHandler
                0x08006084                DMA1_Stream6_IRQHandler
                0x08006084                DMA1_Stream1_IRQHandler
                0x08006084                UART4_IRQHandler
                0x08006084                RCC_IRQHandler
                0x08006084                TIM8_BRK_TIM12_IRQHandler
                0x08006084                Default_Handler
                0x08006084                CEC_IRQHandler
                0x08006084                EXTI15_10_IRQHandler
                0x08006084                ADC_IRQHandler
                0x08006084                DMA1_Stream7_IRQHandler
                0x08006084                TIM7_IRQHandler
                0x08006084                CAN2_TX_IRQHandler
                0x08006084                TIM5_IRQHandler
                0x08006084                DMA2_Stream7_IRQHandler
                0x08006084                I2C3_EV_IRQHandler
                0x08006084                EXTI9_5_IRQHandler
                0x08006084                RTC_WKUP_IRQHandler
                0x08006084                SPDIF_RX_IRQHandler
                0x08006084                SPI2_IRQHandler
                0x08006084                OTG_HS_EP1_IN_IRQHandler
                0x08006084                DMA1_Stream0_IRQHandler
                0x08006084                CAN1_TX_IRQHandler
                0x08006084                FMPI2C1_ER_IRQHandler
                0x08006084                EXTI4_IRQHandler
                0x08006084                OTG_HS_EP1_OUT_IRQHandler
                0x08006084                WWDG_IRQHandler
                0x08006084                TIM2_IRQHandler
                0x08006084                OTG_FS_WKUP_IRQHandler
                0x08006084                TIM1_TRG_COM_TIM11_IRQHandler
                0x08006084                OTG_HS_IRQHandler
                0x08006084                EXTI1_IRQHandler
                0x08006084                USART2_IRQHandler
                0x08006084                I2C2_ER_IRQHandler
                0x08006084                DMA2_Stream1_IRQHandler
                0x08006084                CAN1_SCE_IRQHandler
                0x08006084                FLASH_IRQHandler
                0x08006084                DMA2_Stream4_IRQHandler
                0x08006084                USART1_IRQHandler
                0x08006084                OTG_FS_IRQHandler
                0x08006084                SPI3_IRQHandler
                0x08006084                DMA1_Stream4_IRQHandler
                0x08006084                I2C1_ER_IRQHandler
                0x08006084                FMC_IRQHandler
                0x08006084                DMA2_Stream6_IRQHandler
                0x08006084                SAI1_IRQHandler
                0x08006084                DMA1_Stream3_IRQHandler
 .text.memcpy   0x08006086       0x1c C:/ST/STM32CubeCLT_1.15.0/GNU-tools-for-STM32/bin/../lib/gcc/arm-none-eabi/12.3.1/../../../../arm-none-eabi/lib/thumb/v7e-m+fp/hard\libg_nano.a(libc_a-memcpy-stub.o)
                0x08006086                memcpy
 *(.glue_7)
 .glue_7        0x080060a2        0x0 linker stubs
 *(.glue_7t)
 .glue_7t       0x080060a2        0x0 linker stubs
 *(.eh_frame)
 *fill*         0x080060a2        0x2 
 .eh_frame      0x080060a4        0x0 C:/ST/STM32CubeCLT_1.15.0/GNU-tools-for-STM32/bin/../lib/gcc/arm-none-eabi/12.3.1/thumb/v7e-m+fp/hard/crtbegin.o
 *(.init)
 .init          0x080060a4        0x4 C:/ST/STM32CubeCLT_1.15.0/GNU-tools-for-STM32/bin/../lib/gcc/arm-none-eabi/12.3.1/thumb/v7e-m+fp/hard/crti.o
                0x080060a4                _init
 .init          0x080060a8        0x8 C:/ST/STM32CubeCLT_1.15.0/GNU-tools-for-STM32/bin/../lib/gcc/arm-none-eabi/12.3.1/thumb/v7e-m+fp/hard/crtn.o
 *(.fini)
 .fini          0x080060b0        0x4 C:/ST/STM32CubeCLT_1.15.0/GNU-tools-for-STM32/bin/../lib/gcc/arm-none-eabi/12.3.1/thumb/v7e-m+fp/hard/crti.o
                0x080060b0                _fini
 .fini          0x080060b4        0x8 C:/ST/STM32CubeCLT_1.15.0/GNU-tools-for-STM32/bin/../lib/gcc/arm-none-eabi/12.3.1/thumb/v7e-m+fp/hard/crtn.o
                0x080060bc                        . = ALIGN (0x4)
                0x080060bc                        _etext = .

.vfp11_veneer   0x080060bc        0x0
 .vfp11_veneer  0x080060bc        0x0 linker stubs

.v4_bx          0x080060bc        0x0
 .v4_bx         0x080060bc        0x0 linker stubs

.iplt           0x080060bc        0x0
 .iplt          0x080060bc        0x0 C:/ST/STM32CubeCLT_1.15.0/GNU-tools-for-STM32/bin/../lib/gcc/arm-none-eabi/12.3.1/thumb/v7e-m+fp/hard/crtbegin.o

.rodata         0x080060bc       0x18
                0x080060bc                        . = ALIGN (0x4)
 *(.rodata)
 *(.rodata*)
 .rodata.AHBPrescTable
                0x080060bc       0x10 CMakeFiles/ASME_Chassis.dir/Core/Src/system_stm32f4xx.c.obj
                0x080060bc                AHBPrescTable
 .rodata.APBPrescTable
                0x080060cc        0x8 CMakeFiles/ASME_Chassis.dir/Core/Src/system_stm32f4xx.c.obj
                0x080060cc                APBPrescTable
                0x080060d4                        . = ALIGN (0x4)

.ARM.extab
 *(.ARM.extab* .gnu.linkonce.armextab.*)

.ARM            0x080060d4        0x8
                0x080060d4                        __exidx_start = .
 *(.ARM.exidx*)
 .ARM.exidx     0x080060d4        0x8 C:/ST/STM32CubeCLT_1.15.0/GNU-tools-for-STM32/bin/../lib/gcc/arm-none-eabi/12.3.1/thumb/v7e-m+fp/hard\libgcc.a(_udivmoddi4.o)
                0x080060dc                        __exidx_end = .

.rel.dyn        0x080060dc        0x0
 .rel.iplt      0x080060dc        0x0 C:/ST/STM32CubeCLT_1.15.0/GNU-tools-for-STM32/bin/../lib/gcc/arm-none-eabi/12.3.1/thumb/v7e-m+fp/hard/crtbegin.o

.preinit_array  0x080060dc        0x0
                0x080060dc                        PROVIDE (__preinit_array_start = .)
 *(.preinit_array*)
                0x080060dc                        PROVIDE (__preinit_array_end = .)

.init_array     0x080060dc        0x4
                0x080060dc                        PROVIDE (__init_array_start = .)
 *(SORT_BY_NAME(.init_array.*))
 *(.init_array*)
 .init_array    0x080060dc        0x4 C:/ST/STM32CubeCLT_1.15.0/GNU-tools-for-STM32/bin/../lib/gcc/arm-none-eabi/12.3.1/thumb/v7e-m+fp/hard/crtbegin.o
                0x080060e0                        PROVIDE (__init_array_end = .)

.fini_array     0x080060e0        0x4
                [!provide]                        PROVIDE (__fini_array_start = .)
 *(SORT_BY_NAME(.fini_array.*))
 *(.fini_array*)
 .fini_array    0x080060e0        0x4 C:/ST/STM32CubeCLT_1.15.0/GNU-tools-for-STM32/bin/../lib/gcc/arm-none-eabi/12.3.1/thumb/v7e-m+fp/hard/crtbegin.o
                [!provide]                        PROVIDE (__fini_array_end = .)
                0x080060e4                        _sidata = LOADADDR (.data)

.data           0x20000000       0x10 load address 0x080060e4
                0x20000000                        . = ALIGN (0x4)
                0x20000000                        _sdata = .
 *(.data)
 *(.data*)
 .data.g_i2cAddr
                0x20000000        0x1 CMakeFiles/ASME_Chassis.dir/Core/Src/VL53L0X.c.obj
                0x20000000                g_i2cAddr
 *fill*         0x20000001        0x3 
 .data.uwTickPrio
                0x20000004        0x4 CMakeFiles/ASME_Chassis.dir/Drivers/STM32F4xx_HAL_Driver/Src/stm32f4xx_hal.c.obj
                0x20000004                uwTickPrio
 .data.uwTickFreq
                0x20000008        0x1 CMakeFiles/ASME_Chassis.dir/Drivers/STM32F4xx_HAL_Driver/Src/stm32f4xx_hal.c.obj
                0x20000008                uwTickFreq
 *fill*         0x20000009        0x3 
 .data.SystemCoreClock
                0x2000000c        0x4 CMakeFiles/ASME_Chassis.dir/Core/Src/system_stm32f4xx.c.obj
                0x2000000c                SystemCoreClock
                0x20000010                        . = ALIGN (0x4)
                0x20000010                        _edata = .

.igot.plt       0x20000010        0x0 load address 0x080060f4
 .igot.plt      0x20000010        0x0 C:/ST/STM32CubeCLT_1.15.0/GNU-tools-for-STM32/bin/../lib/gcc/arm-none-eabi/12.3.1/thumb/v7e-m+fp/hard/crtbegin.o
                0x20000010                        . = ALIGN (0x4)

.bss            0x20000010      0x1fc load address 0x080060f4
                0x20000010                        _sbss = .
                0x20000010                        __bss_start__ = _sbss
 *(.bss)
 .bss           0x20000010       0x1c C:/ST/STM32CubeCLT_1.15.0/GNU-tools-for-STM32/bin/../lib/gcc/arm-none-eabi/12.3.1/thumb/v7e-m+fp/hard/crtbegin.o
 *(.bss*)
 .bss.hi2c1     0x2000002c       0x54 CMakeFiles/ASME_Chassis.dir/Core/Src/main.c.obj
                0x2000002c                hi2c1
 .bss.htim2     0x20000080       0x48 CMakeFiles/ASME_Chassis.dir/Core/Src/main.c.obj
                0x20000080                htim2
 .bss.htim3     0x200000c8       0x48 CMakeFiles/ASME_Chassis.dir/Core/Src/main.c.obj
                0x200000c8                htim3
 .bss.htim4     0x20000110       0x48 CMakeFiles/ASME_Chassis.dir/Core/Src/main.c.obj
                0x20000110                htim4
 .bss.huart2    0x20000158       0x48 CMakeFiles/ASME_Chassis.dir/Core/Src/main.c.obj
                0x20000158                huart2
 .bss.g_ioTimeout
                0x200001a0        0x2 CMakeFiles/ASME_Chassis.dir/Core/Src/VL53L0X.c.obj
                0x200001a0                g_ioTimeout
 .bss.g_isTimeout
                0x200001a2        0x1 CMakeFiles/ASME_Chassis.dir/Core/Src/VL53L0X.c.obj
                0x200001a2                g_isTimeout
 *fill*         0x200001a3        0x1 
 .bss.g_timeoutStartMs
                0x200001a4        0x2 CMakeFiles/ASME_Chassis.dir/Core/Src/VL53L0X.c.obj
                0x200001a4                g_timeoutStartMs
 .bss.g_stopVariable
                0x200001a6        0x1 CMakeFiles/ASME_Chassis.dir/Core/Src/VL53L0X.c.obj
                0x200001a6                g_stopVariable
 *fill*         0x200001a7        0x1 
 .bss.g_measTimBudUs
                0x200001a8        0x4 CMakeFiles/ASME_Chassis.dir/Core/Src/VL53L0X.c.obj
                0x200001a8                g_measTimBudUs
 .bss.VL53L0X_I2C_Handler
                0x200001ac       0x54 CMakeFiles/ASME_Chassis.dir/Core/Src/VL53L0X.c.obj
                0x200001ac                VL53L0X_I2C_Handler
 .bss.msgBuffer
                0x20000200        0x4 CMakeFiles/ASME_Chassis.dir/Core/Src/VL53L0X.c.obj
                0x20000200                msgBuffer
 .bss.i2cStat   0x20000204        0x1 CMakeFiles/ASME_Chassis.dir/Core/Src/VL53L0X.c.obj
                0x20000204                i2cStat
 *fill*         0x20000205        0x3 
 .bss.uwTick    0x20000208        0x4 CMakeFiles/ASME_Chassis.dir/Drivers/STM32F4xx_HAL_Driver/Src/stm32f4xx_hal.c.obj
                0x20000208                uwTick
 *(COMMON)
                0x2000020c                        . = ALIGN (0x4)
                0x2000020c                        _ebss = .
                0x2000020c                        __bss_end__ = _ebss

._user_heap_stack
                0x2000020c      0x604 load address 0x080060f4
                0x20000210                        . = ALIGN (0x8)
 *fill*         0x2000020c        0x4 
                [!provide]                        PROVIDE (end = .)
                0x20000210                        PROVIDE (_end = .)
                0x20000410                        . = (. + _Min_Heap_Size)
 *fill*         0x20000210      0x200 
                0x20000810                        . = (. + _Min_Stack_Size)
 *fill*         0x20000410      0x400 
                0x20000810                        . = ALIGN (0x8)

/DISCARD/
 libc.a(*)
 libm.a(*)
 libgcc.a(*)

.ARM.attributes
                0x00000000       0x30
 *(.ARM.attributes)
 .ARM.attributes
                0x00000000       0x22 C:/ST/STM32CubeCLT_1.15.0/GNU-tools-for-STM32/bin/../lib/gcc/arm-none-eabi/12.3.1/thumb/v7e-m+fp/hard/crti.o
 .ARM.attributes
                0x00000022       0x34 C:/ST/STM32CubeCLT_1.15.0/GNU-tools-for-STM32/bin/../lib/gcc/arm-none-eabi/12.3.1/thumb/v7e-m+fp/hard/crtbegin.o
 .ARM.attributes
                0x00000056       0x34 C:/ST/STM32CubeCLT_1.15.0/GNU-tools-for-STM32/bin/../lib/gcc/arm-none-eabi/12.3.1/../../../../arm-none-eabi/lib/thumb/v7e-m+fp/hard\libc_nano.a(libc_a-memset.o)
 .ARM.attributes
                0x0000008a       0x34 C:/ST/STM32CubeCLT_1.15.0/GNU-tools-for-STM32/bin/../lib/gcc/arm-none-eabi/12.3.1/../../../../arm-none-eabi/lib/thumb/v7e-m+fp/hard\libc_nano.a(libc_a-init.o)
 .ARM.attributes
                0x000000be       0x34 CMakeFiles/ASME_Chassis.dir/Core/Src/main.c.obj
 .ARM.attributes
                0x000000f2       0x34 CMakeFiles/ASME_Chassis.dir/Core/Src/PID.c.obj
 .ARM.attributes
                0x00000126       0x34 CMakeFiles/ASME_Chassis.dir/Core/Src/L298N.c.obj
 .ARM.attributes
                0x0000015a       0x34 CMakeFiles/ASME_Chassis.dir/Core/Src/VL53L0X.c.obj
 .ARM.attributes
                0x0000018e       0x34 CMakeFiles/ASME_Chassis.dir/Core/Src/stm32f4xx_it.c.obj
 .ARM.attributes
                0x000001c2       0x34 CMakeFiles/ASME_Chassis.dir/Core/Src/stm32f4xx_hal_msp.c.obj
 .ARM.attributes
                0x000001f6       0x34 CMakeFiles/ASME_Chassis.dir/Drivers/STM32F4xx_HAL_Driver/Src/stm32f4xx_hal_i2c.c.obj
 .ARM.attributes
                0x0000022a       0x34 CMakeFiles/ASME_Chassis.dir/Drivers/STM32F4xx_HAL_Driver/Src/stm32f4xx_hal_rcc.c.obj
 .ARM.attributes
                0x0000025e       0x34 CMakeFiles/ASME_Chassis.dir/Drivers/STM32F4xx_HAL_Driver/Src/stm32f4xx_hal_rcc_ex.c.obj
 .ARM.attributes
                0x00000292       0x34 CMakeFiles/ASME_Chassis.dir/Drivers/STM32F4xx_HAL_Driver/Src/stm32f4xx_hal_gpio.c.obj
 .ARM.attributes
                0x000002c6       0x34 CMakeFiles/ASME_Chassis.dir/Drivers/STM32F4xx_HAL_Driver/Src/stm32f4xx_hal_cortex.c.obj
 .ARM.attributes
                0x000002fa       0x34 CMakeFiles/ASME_Chassis.dir/Drivers/STM32F4xx_HAL_Driver/Src/stm32f4xx_hal.c.obj
 .ARM.attributes
                0x0000032e       0x34 CMakeFiles/ASME_Chassis.dir/Drivers/STM32F4xx_HAL_Driver/Src/stm32f4xx_hal_tim.c.obj
 .ARM.attributes
                0x00000362       0x34 CMakeFiles/ASME_Chassis.dir/Drivers/STM32F4xx_HAL_Driver/Src/stm32f4xx_hal_tim_ex.c.obj
 .ARM.attributes
                0x00000396       0x34 CMakeFiles/ASME_Chassis.dir/Drivers/STM32F4xx_HAL_Driver/Src/stm32f4xx_hal_uart.c.obj
 .ARM.attributes
                0x000003ca       0x34 CMakeFiles/ASME_Chassis.dir/Core/Src/system_stm32f4xx.c.obj
 .ARM.attributes
                0x000003fe       0x21 CMakeFiles/ASME_Chassis.dir/startup_stm32f446xx.s.obj
 .ARM.attributes
                0x0000041f       0x22 C:/ST/STM32CubeCLT_1.15.0/GNU-tools-for-STM32/bin/../lib/gcc/arm-none-eabi/12.3.1/thumb/v7e-m+fp/hard\libgcc.a(_arm_addsubdf3.o)
 .ARM.attributes
                0x00000441       0x22 C:/ST/STM32CubeCLT_1.15.0/GNU-tools-for-STM32/bin/../lib/gcc/arm-none-eabi/12.3.1/thumb/v7e-m+fp/hard\libgcc.a(_arm_cmpdf2.o)
 .ARM.attributes
                0x00000463       0x22 C:/ST/STM32CubeCLT_1.15.0/GNU-tools-for-STM32/bin/../lib/gcc/arm-none-eabi/12.3.1/thumb/v7e-m+fp/hard\libgcc.a(_aeabi_uldivmod.o)
 .ARM.attributes
                0x00000485       0x34 C:/ST/STM32CubeCLT_1.15.0/GNU-tools-for-STM32/bin/../lib/gcc/arm-none-eabi/12.3.1/thumb/v7e-m+fp/hard\libgcc.a(_udivmoddi4.o)
 .ARM.attributes
                0x000004b9       0x22 C:/ST/STM32CubeCLT_1.15.0/GNU-tools-for-STM32/bin/../lib/gcc/arm-none-eabi/12.3.1/thumb/v7e-m+fp/hard\libgcc.a(_dvmd_tls.o)
 .ARM.attributes
                0x000004db       0x34 C:/ST/STM32CubeCLT_1.15.0/GNU-tools-for-STM32/bin/../lib/gcc/arm-none-eabi/12.3.1/../../../../arm-none-eabi/lib/thumb/v7e-m+fp/hard\libg_nano.a(libc_a-memcpy-stub.o)
 .ARM.attributes
                0x0000050f       0x22 C:/ST/STM32CubeCLT_1.15.0/GNU-tools-for-STM32/bin/../lib/gcc/arm-none-eabi/12.3.1/thumb/v7e-m+fp/hard/crtn.o
OUTPUT(ASME_Chassis.elf elf32-littlearm)
LOAD linker stubs
LOAD C:/ST/STM32CubeCLT_1.15.0/GNU-tools-for-STM32/bin/../lib/gcc/arm-none-eabi/12.3.1/../../../../arm-none-eabi/lib/thumb/v7e-m+fp/hard\libc.a
LOAD C:/ST/STM32CubeCLT_1.15.0/GNU-tools-for-STM32/bin/../lib/gcc/arm-none-eabi/12.3.1/../../../../arm-none-eabi/lib/thumb/v7e-m+fp/hard\libm.a
LOAD C:/ST/STM32CubeCLT_1.15.0/GNU-tools-for-STM32/bin/../lib/gcc/arm-none-eabi/12.3.1/thumb/v7e-m+fp/hard\libgcc.a

.debug_frame    0x00000000     0x4770
 .debug_frame   0x00000000       0x20 C:/ST/STM32CubeCLT_1.15.0/GNU-tools-for-STM32/bin/../lib/gcc/arm-none-eabi/12.3.1/../../../../arm-none-eabi/lib/thumb/v7e-m+fp/hard\libc_nano.a(libc_a-memset.o)
 .debug_frame   0x00000020       0x2c C:/ST/STM32CubeCLT_1.15.0/GNU-tools-for-STM32/bin/../lib/gcc/arm-none-eabi/12.3.1/../../../../arm-none-eabi/lib/thumb/v7e-m+fp/hard\libc_nano.a(libc_a-init.o)
 .debug_frame   0x0000004c      0x13c CMakeFiles/ASME_Chassis.dir/Core/Src/main.c.obj
 .debug_frame   0x00000188       0x60 CMakeFiles/ASME_Chassis.dir/Core/Src/PID.c.obj
 .debug_frame   0x000001e8       0x70 CMakeFiles/ASME_Chassis.dir/Core/Src/L298N.c.obj
 .debug_frame   0x00000258      0x498 CMakeFiles/ASME_Chassis.dir/Core/Src/VL53L0X.c.obj
 .debug_frame   0x000006f0      0x13c CMakeFiles/ASME_Chassis.dir/Core/Src/stm32f4xx_it.c.obj
 .debug_frame   0x0000082c      0x180 CMakeFiles/ASME_Chassis.dir/Core/Src/stm32f4xx_hal_msp.c.obj
 .debug_frame   0x000009ac      0xc84 CMakeFiles/ASME_Chassis.dir/Drivers/STM32F4xx_HAL_Driver/Src/stm32f4xx_hal_i2c.c.obj
 .debug_frame   0x00001630      0x1f4 CMakeFiles/ASME_Chassis.dir/Drivers/STM32F4xx_HAL_Driver/Src/stm32f4xx_hal_rcc.c.obj
 .debug_frame   0x00001824      0x1e8 CMakeFiles/ASME_Chassis.dir/Drivers/STM32F4xx_HAL_Driver/Src/stm32f4xx_hal_rcc_ex.c.obj
 .debug_frame   0x00001a0c      0x14c CMakeFiles/ASME_Chassis.dir/Drivers/STM32F4xx_HAL_Driver/Src/stm32f4xx_hal_gpio.c.obj
 .debug_frame   0x00001b58      0x508 CMakeFiles/ASME_Chassis.dir/Drivers/STM32F4xx_HAL_Driver/Src/stm32f4xx_hal_cortex.c.obj
 .debug_frame   0x00002060      0x374 CMakeFiles/ASME_Chassis.dir/Drivers/STM32F4xx_HAL_Driver/Src/stm32f4xx_hal.c.obj
 .debug_frame   0x000023d4     0x11c0 CMakeFiles/ASME_Chassis.dir/Drivers/STM32F4xx_HAL_Driver/Src/stm32f4xx_hal_tim.c.obj
 .debug_frame   0x00003594      0x638 CMakeFiles/ASME_Chassis.dir/Drivers/STM32F4xx_HAL_Driver/Src/stm32f4xx_hal_tim_ex.c.obj
 .debug_frame   0x00003bcc      0x954 CMakeFiles/ASME_Chassis.dir/Drivers/STM32F4xx_HAL_Driver/Src/stm32f4xx_hal_uart.c.obj
 .debug_frame   0x00004520       0x58 CMakeFiles/ASME_Chassis.dir/Core/Src/system_stm32f4xx.c.obj
 .debug_frame   0x00004578       0xac C:/ST/STM32CubeCLT_1.15.0/GNU-tools-for-STM32/bin/../lib/gcc/arm-none-eabi/12.3.1/thumb/v7e-m+fp/hard\libgcc.a(_arm_addsubdf3.o)
 .debug_frame   0x00004624       0xc4 C:/ST/STM32CubeCLT_1.15.0/GNU-tools-for-STM32/bin/../lib/gcc/arm-none-eabi/12.3.1/thumb/v7e-m+fp/hard\libgcc.a(_arm_cmpdf2.o)
 .debug_frame   0x000046e8       0x2c C:/ST/STM32CubeCLT_1.15.0/GNU-tools-for-STM32/bin/../lib/gcc/arm-none-eabi/12.3.1/thumb/v7e-m+fp/hard\libgcc.a(_aeabi_uldivmod.o)
 .debug_frame   0x00004714       0x34 C:/ST/STM32CubeCLT_1.15.0/GNU-tools-for-STM32/bin/../lib/gcc/arm-none-eabi/12.3.1/thumb/v7e-m+fp/hard\libgcc.a(_udivmoddi4.o)
 .debug_frame   0x00004748       0x28 C:/ST/STM32CubeCLT_1.15.0/GNU-tools-for-STM32/bin/../lib/gcc/arm-none-eabi/12.3.1/../../../../arm-none-eabi/lib/thumb/v7e-m+fp/hard\libg_nano.a(libc_a-memcpy-stub.o)

.debug_info     0x00000000    0x117a0
 .debug_info    0x00000000     0x17a8 CMakeFiles/ASME_Chassis.dir/Core/Src/main.c.obj
 .debug_info    0x000017a8      0x1bb CMakeFiles/ASME_Chassis.dir/Core/Src/PID.c.obj
 .debug_info    0x00001963      0x7b0 CMakeFiles/ASME_Chassis.dir/Core/Src/L298N.c.obj
 .debug_info    0x00002113     0x12b1 CMakeFiles/ASME_Chassis.dir/Core/Src/VL53L0X.c.obj
 .debug_info    0x000033c4      0x6f9 CMakeFiles/ASME_Chassis.dir/Core/Src/stm32f4xx_it.c.obj
 .debug_info    0x00003abd     0x13d0 CMakeFiles/ASME_Chassis.dir/Core/Src/stm32f4xx_hal_msp.c.obj
 .debug_info    0x00004e8d     0x2421 CMakeFiles/ASME_Chassis.dir/Drivers/STM32F4xx_HAL_Driver/Src/stm32f4xx_hal_i2c.c.obj
 .debug_info    0x000072ae      0x8eb CMakeFiles/ASME_Chassis.dir/Drivers/STM32F4xx_HAL_Driver/Src/stm32f4xx_hal_rcc.c.obj
 .debug_info    0x00007b99      0x956 CMakeFiles/ASME_Chassis.dir/Drivers/STM32F4xx_HAL_Driver/Src/stm32f4xx_hal_rcc_ex.c.obj
 .debug_info    0x000084ef      0x70b CMakeFiles/ASME_Chassis.dir/Drivers/STM32F4xx_HAL_Driver/Src/stm32f4xx_hal_gpio.c.obj
 .debug_info    0x00008bfa      0xdaa CMakeFiles/ASME_Chassis.dir/Drivers/STM32F4xx_HAL_Driver/Src/stm32f4xx_hal_cortex.c.obj
 .debug_info    0x000099a4      0x99a CMakeFiles/ASME_Chassis.dir/Drivers/STM32F4xx_HAL_Driver/Src/stm32f4xx_hal.c.obj
 .debug_info    0x0000a33e     0x299d CMakeFiles/ASME_Chassis.dir/Drivers/STM32F4xx_HAL_Driver/Src/stm32f4xx_hal_tim.c.obj
 .debug_info    0x0000ccdb     0x14db CMakeFiles/ASME_Chassis.dir/Drivers/STM32F4xx_HAL_Driver/Src/stm32f4xx_hal_tim_ex.c.obj
 .debug_info    0x0000e1b6     0x2f4f CMakeFiles/ASME_Chassis.dir/Drivers/STM32F4xx_HAL_Driver/Src/stm32f4xx_hal_uart.c.obj
 .debug_info    0x00011105      0x54a CMakeFiles/ASME_Chassis.dir/Core/Src/system_stm32f4xx.c.obj
 .debug_info    0x0001164f       0x30 CMakeFiles/ASME_Chassis.dir/startup_stm32f446xx.s.obj
 .debug_info    0x0001167f      0x121 C:/ST/STM32CubeCLT_1.15.0/GNU-tools-for-STM32/bin/../lib/gcc/arm-none-eabi/12.3.1/../../../../arm-none-eabi/lib/thumb/v7e-m+fp/hard\libg_nano.a(libc_a-memcpy-stub.o)

.debug_abbrev   0x00000000     0x2549
 .debug_abbrev  0x00000000      0x2c7 CMakeFiles/ASME_Chassis.dir/Core/Src/main.c.obj
 .debug_abbrev  0x000002c7       0xe6 CMakeFiles/ASME_Chassis.dir/Core/Src/PID.c.obj
 .debug_abbrev  0x000003ad      0x1c0 CMakeFiles/ASME_Chassis.dir/Core/Src/L298N.c.obj
 .debug_abbrev  0x0000056d      0x378 CMakeFiles/ASME_Chassis.dir/Core/Src/VL53L0X.c.obj
 .debug_abbrev  0x000008e5      0x194 CMakeFiles/ASME_Chassis.dir/Core/Src/stm32f4xx_it.c.obj
 .debug_abbrev  0x00000a79      0x255 CMakeFiles/ASME_Chassis.dir/Core/Src/stm32f4xx_hal_msp.c.obj
 .debug_abbrev  0x00000cce      0x2ad CMakeFiles/ASME_Chassis.dir/Drivers/STM32F4xx_HAL_Driver/Src/stm32f4xx_hal_i2c.c.obj
 .debug_abbrev  0x00000f7b      0x2b7 CMakeFiles/ASME_Chassis.dir/Drivers/STM32F4xx_HAL_Driver/Src/stm32f4xx_hal_rcc.c.obj
 .debug_abbrev  0x00001232      0x20a CMakeFiles/ASME_Chassis.dir/Drivers/STM32F4xx_HAL_Driver/Src/stm32f4xx_hal_rcc_ex.c.obj
 .debug_abbrev  0x0000143c      0x1d4 CMakeFiles/ASME_Chassis.dir/Drivers/STM32F4xx_HAL_Driver/Src/stm32f4xx_hal_gpio.c.obj
 .debug_abbrev  0x00001610      0x31d CMakeFiles/ASME_Chassis.dir/Drivers/STM32F4xx_HAL_Driver/Src/stm32f4xx_hal_cortex.c.obj
 .debug_abbrev  0x0000192d      0x214 CMakeFiles/ASME_Chassis.dir/Drivers/STM32F4xx_HAL_Driver/Src/stm32f4xx_hal.c.obj
 .debug_abbrev  0x00001b41      0x278 CMakeFiles/ASME_Chassis.dir/Drivers/STM32F4xx_HAL_Driver/Src/stm32f4xx_hal_tim.c.obj
 .debug_abbrev  0x00001db9      0x283 CMakeFiles/ASME_Chassis.dir/Drivers/STM32F4xx_HAL_Driver/Src/stm32f4xx_hal_tim_ex.c.obj
 .debug_abbrev  0x0000203c      0x30e CMakeFiles/ASME_Chassis.dir/Drivers/STM32F4xx_HAL_Driver/Src/stm32f4xx_hal_uart.c.obj
 .debug_abbrev  0x0000234a      0x11a CMakeFiles/ASME_Chassis.dir/Core/Src/system_stm32f4xx.c.obj
 .debug_abbrev  0x00002464       0x24 CMakeFiles/ASME_Chassis.dir/startup_stm32f446xx.s.obj
 .debug_abbrev  0x00002488       0xc1 C:/ST/STM32CubeCLT_1.15.0/GNU-tools-for-STM32/bin/../lib/gcc/arm-none-eabi/12.3.1/../../../../arm-none-eabi/lib/thumb/v7e-m+fp/hard\libg_nano.a(libc_a-memcpy-stub.o)

.debug_aranges  0x00000000     0x1070
 .debug_aranges
                0x00000000       0x60 CMakeFiles/ASME_Chassis.dir/Core/Src/main.c.obj
 .debug_aranges
                0x00000060       0x28 CMakeFiles/ASME_Chassis.dir/Core/Src/PID.c.obj
 .debug_aranges
                0x00000088       0x28 CMakeFiles/ASME_Chassis.dir/Core/Src/L298N.c.obj
 .debug_aranges
                0x000000b0      0x118 CMakeFiles/ASME_Chassis.dir/Core/Src/VL53L0X.c.obj
 .debug_aranges
                0x000001c8       0x70 CMakeFiles/ASME_Chassis.dir/Core/Src/stm32f4xx_it.c.obj
 .debug_aranges
                0x00000238       0x68 CMakeFiles/ASME_Chassis.dir/Core/Src/stm32f4xx_hal_msp.c.obj
 .debug_aranges
                0x000002a0      0x2a8 CMakeFiles/ASME_Chassis.dir/Drivers/STM32F4xx_HAL_Driver/Src/stm32f4xx_hal_i2c.c.obj
 .debug_aranges
                0x00000548       0x88 CMakeFiles/ASME_Chassis.dir/Drivers/STM32F4xx_HAL_Driver/Src/stm32f4xx_hal_rcc.c.obj
 .debug_aranges
                0x000005d0       0x78 CMakeFiles/ASME_Chassis.dir/Drivers/STM32F4xx_HAL_Driver/Src/stm32f4xx_hal_rcc_ex.c.obj
 .debug_aranges
                0x00000648       0x58 CMakeFiles/ASME_Chassis.dir/Drivers/STM32F4xx_HAL_Driver/Src/stm32f4xx_hal_gpio.c.obj
 .debug_aranges
                0x000006a0      0x130 CMakeFiles/ASME_Chassis.dir/Drivers/STM32F4xx_HAL_Driver/Src/stm32f4xx_hal_cortex.c.obj
 .debug_aranges
                0x000007d0       0xf0 CMakeFiles/ASME_Chassis.dir/Drivers/STM32F4xx_HAL_Driver/Src/stm32f4xx_hal.c.obj
 .debug_aranges
                0x000008c0      0x3d0 CMakeFiles/ASME_Chassis.dir/Drivers/STM32F4xx_HAL_Driver/Src/stm32f4xx_hal_tim.c.obj
 .debug_aranges
                0x00000c90      0x168 CMakeFiles/ASME_Chassis.dir/Drivers/STM32F4xx_HAL_Driver/Src/stm32f4xx_hal_tim_ex.c.obj
 .debug_aranges
                0x00000df8      0x208 CMakeFiles/ASME_Chassis.dir/Drivers/STM32F4xx_HAL_Driver/Src/stm32f4xx_hal_uart.c.obj
 .debug_aranges
                0x00001000       0x28 CMakeFiles/ASME_Chassis.dir/Core/Src/system_stm32f4xx.c.obj
 .debug_aranges
                0x00001028       0x28 CMakeFiles/ASME_Chassis.dir/startup_stm32f446xx.s.obj
 .debug_aranges
                0x00001050       0x20 C:/ST/STM32CubeCLT_1.15.0/GNU-tools-for-STM32/bin/../lib/gcc/arm-none-eabi/12.3.1/../../../../arm-none-eabi/lib/thumb/v7e-m+fp/hard\libg_nano.a(libc_a-memcpy-stub.o)

.debug_rnglists
                0x00000000      0xcff
 .debug_rnglists
                0x00000000       0x49 CMakeFiles/ASME_Chassis.dir/Core/Src/main.c.obj
 .debug_rnglists
                0x00000049       0x1a CMakeFiles/ASME_Chassis.dir/Core/Src/PID.c.obj
 .debug_rnglists
                0x00000063       0x1b CMakeFiles/ASME_Chassis.dir/Core/Src/L298N.c.obj
 .debug_rnglists
                0x0000007e       0xd7 CMakeFiles/ASME_Chassis.dir/Core/Src/VL53L0X.c.obj
 .debug_rnglists
                0x00000155       0x4f CMakeFiles/ASME_Chassis.dir/Core/Src/stm32f4xx_it.c.obj
 .debug_rnglists
                0x000001a4       0x4c CMakeFiles/ASME_Chassis.dir/Core/Src/stm32f4xx_hal_msp.c.obj
 .debug_rnglists
                0x000001f0      0x23c CMakeFiles/ASME_Chassis.dir/Drivers/STM32F4xx_HAL_Driver/Src/stm32f4xx_hal_i2c.c.obj
 .debug_rnglists
                0x0000042c       0x66 CMakeFiles/ASME_Chassis.dir/Drivers/STM32F4xx_HAL_Driver/Src/stm32f4xx_hal_rcc.c.obj
 .debug_rnglists
                0x00000492       0x5e CMakeFiles/ASME_Chassis.dir/Drivers/STM32F4xx_HAL_Driver/Src/stm32f4xx_hal_rcc_ex.c.obj
 .debug_rnglists
                0x000004f0       0x3f CMakeFiles/ASME_Chassis.dir/Drivers/STM32F4xx_HAL_Driver/Src/stm32f4xx_hal_gpio.c.obj
 .debug_rnglists
                0x0000052f       0xe0 CMakeFiles/ASME_Chassis.dir/Drivers/STM32F4xx_HAL_Driver/Src/stm32f4xx_hal_cortex.c.obj
 .debug_rnglists
                0x0000060f       0xaf CMakeFiles/ASME_Chassis.dir/Drivers/STM32F4xx_HAL_Driver/Src/stm32f4xx_hal.c.obj
 .debug_rnglists
                0x000006be      0x31a CMakeFiles/ASME_Chassis.dir/Drivers/STM32F4xx_HAL_Driver/Src/stm32f4xx_hal_tim.c.obj
 .debug_rnglists
                0x000009d8      0x125 CMakeFiles/ASME_Chassis.dir/Drivers/STM32F4xx_HAL_Driver/Src/stm32f4xx_hal_tim_ex.c.obj
 .debug_rnglists
                0x00000afd      0x1bc CMakeFiles/ASME_Chassis.dir/Drivers/STM32F4xx_HAL_Driver/Src/stm32f4xx_hal_uart.c.obj
 .debug_rnglists
                0x00000cb9       0x1a CMakeFiles/ASME_Chassis.dir/Core/Src/system_stm32f4xx.c.obj
 .debug_rnglists
                0x00000cd3       0x19 CMakeFiles/ASME_Chassis.dir/startup_stm32f446xx.s.obj
 .debug_rnglists
                0x00000cec       0x13 C:/ST/STM32CubeCLT_1.15.0/GNU-tools-for-STM32/bin/../lib/gcc/arm-none-eabi/12.3.1/../../../../arm-none-eabi/lib/thumb/v7e-m+fp/hard\libg_nano.a(libc_a-memcpy-stub.o)

.debug_macro    0x00000000    0x2229b
 .debug_macro   0x00000000      0x20d CMakeFiles/ASME_Chassis.dir/Core/Src/main.c.obj
 .debug_macro   0x0000020d      0xab4 CMakeFiles/ASME_Chassis.dir/Core/Src/main.c.obj
 .debug_macro   0x00000cc1      0x2a1 CMakeFiles/ASME_Chassis.dir/Core/Src/main.c.obj
 .debug_macro   0x00000f62       0x2e CMakeFiles/ASME_Chassis.dir/Core/Src/main.c.obj
 .debug_macro   0x00000f90       0x28 CMakeFiles/ASME_Chassis.dir/Core/Src/main.c.obj
 .debug_macro   0x00000fb8       0x22 CMakeFiles/ASME_Chassis.dir/Core/Src/main.c.obj
 .debug_macro   0x00000fda       0x8e CMakeFiles/ASME_Chassis.dir/Core/Src/main.c.obj
 .debug_macro   0x00001068       0x51 CMakeFiles/ASME_Chassis.dir/Core/Src/main.c.obj
 .debug_macro   0x000010b9      0x103 CMakeFiles/ASME_Chassis.dir/Core/Src/main.c.obj
 .debug_macro   0x000011bc       0x6a CMakeFiles/ASME_Chassis.dir/Core/Src/main.c.obj
 .debug_macro   0x00001226      0x1df CMakeFiles/ASME_Chassis.dir/Core/Src/main.c.obj
 .debug_macro   0x00001405       0x1c CMakeFiles/ASME_Chassis.dir/Core/Src/main.c.obj
 .debug_macro   0x00001421       0x22 CMakeFiles/ASME_Chassis.dir/Core/Src/main.c.obj
 .debug_macro   0x00001443       0xfb CMakeFiles/ASME_Chassis.dir/Core/Src/main.c.obj
 .debug_macro   0x0000153e     0x1011 CMakeFiles/ASME_Chassis.dir/Core/Src/main.c.obj
 .debug_macro   0x0000254f      0x11f CMakeFiles/ASME_Chassis.dir/Core/Src/main.c.obj
 .debug_macro   0x0000266e    0x16749 CMakeFiles/ASME_Chassis.dir/Core/Src/main.c.obj
 .debug_macro   0x00018db7       0x6d CMakeFiles/ASME_Chassis.dir/Core/Src/main.c.obj
 .debug_macro   0x00018e24     0x369a CMakeFiles/ASME_Chassis.dir/Core/Src/main.c.obj
 .debug_macro   0x0001c4be      0x189 CMakeFiles/ASME_Chassis.dir/Core/Src/main.c.obj
 .debug_macro   0x0001c647       0x5c CMakeFiles/ASME_Chassis.dir/Core/Src/main.c.obj
 .debug_macro   0x0001c6a3      0xca5 CMakeFiles/ASME_Chassis.dir/Core/Src/main.c.obj
 .debug_macro   0x0001d348      0x9e9 CMakeFiles/ASME_Chassis.dir/Core/Src/main.c.obj
 .debug_macro   0x0001dd31      0x115 CMakeFiles/ASME_Chassis.dir/Core/Src/main.c.obj
 .debug_macro   0x0001de46      0x1a0 CMakeFiles/ASME_Chassis.dir/Core/Src/main.c.obj
 .debug_macro   0x0001dfe6       0xa5 CMakeFiles/ASME_Chassis.dir/Core/Src/main.c.obj
 .debug_macro   0x0001e08b      0x16d CMakeFiles/ASME_Chassis.dir/Core/Src/main.c.obj
 .debug_macro   0x0001e1f8      0x287 CMakeFiles/ASME_Chassis.dir/Core/Src/main.c.obj
 .debug_macro   0x0001e47f       0x5f CMakeFiles/ASME_Chassis.dir/Core/Src/main.c.obj
 .debug_macro   0x0001e4de      0x236 CMakeFiles/ASME_Chassis.dir/Core/Src/main.c.obj
 .debug_macro   0x0001e714      0x132 CMakeFiles/ASME_Chassis.dir/Core/Src/main.c.obj
 .debug_macro   0x0001e846      0x29c CMakeFiles/ASME_Chassis.dir/Core/Src/main.c.obj
 .debug_macro   0x0001eae2       0x2e CMakeFiles/ASME_Chassis.dir/Core/Src/main.c.obj
 .debug_macro   0x0001eb10      0x1b5 CMakeFiles/ASME_Chassis.dir/Core/Src/main.c.obj
 .debug_macro   0x0001ecc5       0x22 CMakeFiles/ASME_Chassis.dir/Core/Src/main.c.obj
 .debug_macro   0x0001ece7       0xd6 CMakeFiles/ASME_Chassis.dir/Core/Src/main.c.obj
 .debug_macro   0x0001edbd      0x127 CMakeFiles/ASME_Chassis.dir/Core/Src/main.c.obj
 .debug_macro   0x0001eee4       0xe8 CMakeFiles/ASME_Chassis.dir/Core/Src/main.c.obj
 .debug_macro   0x0001efcc       0x89 CMakeFiles/ASME_Chassis.dir/Core/Src/main.c.obj
 .debug_macro   0x0001f055      0x8ed CMakeFiles/ASME_Chassis.dir/Core/Src/main.c.obj
 .debug_macro   0x0001f942       0x53 CMakeFiles/ASME_Chassis.dir/Core/Src/main.c.obj
 .debug_macro   0x0001f995      0x2aa CMakeFiles/ASME_Chassis.dir/Core/Src/main.c.obj
 .debug_macro   0x0001fc3f      0x126 CMakeFiles/ASME_Chassis.dir/Core/Src/main.c.obj
 .debug_macro   0x0001fd65       0x58 CMakeFiles/ASME_Chassis.dir/Core/Src/main.c.obj
 .debug_macro   0x0001fdbd       0x40 CMakeFiles/ASME_Chassis.dir/Core/Src/main.c.obj
 .debug_macro   0x0001fdfd       0x6d CMakeFiles/ASME_Chassis.dir/Core/Src/PID.c.obj
 .debug_macro   0x0001fe6a      0x1eb CMakeFiles/ASME_Chassis.dir/Core/Src/L298N.c.obj
 .debug_macro   0x00020055      0x2c1 CMakeFiles/ASME_Chassis.dir/Core/Src/VL53L0X.c.obj
 .debug_macro   0x00020316       0x74 CMakeFiles/ASME_Chassis.dir/Core/Src/VL53L0X.c.obj
 .debug_macro   0x0002038a       0x2a CMakeFiles/ASME_Chassis.dir/Core/Src/VL53L0X.c.obj
 .debug_macro   0x000203b4       0x3c CMakeFiles/ASME_Chassis.dir/Core/Src/VL53L0X.c.obj
 .debug_macro   0x000203f0       0x34 CMakeFiles/ASME_Chassis.dir/Core/Src/VL53L0X.c.obj
 .debug_macro   0x00020424       0x16 CMakeFiles/ASME_Chassis.dir/Core/Src/VL53L0X.c.obj
 .debug_macro   0x0002043a       0x43 CMakeFiles/ASME_Chassis.dir/Core/Src/VL53L0X.c.obj
 .debug_macro   0x0002047d       0x34 CMakeFiles/ASME_Chassis.dir/Core/Src/VL53L0X.c.obj
 .debug_macro   0x000204b1       0x10 CMakeFiles/ASME_Chassis.dir/Core/Src/VL53L0X.c.obj
 .debug_macro   0x000204c1       0x58 CMakeFiles/ASME_Chassis.dir/Core/Src/VL53L0X.c.obj
 .debug_macro   0x00020519      0x1de CMakeFiles/ASME_Chassis.dir/Core/Src/VL53L0X.c.obj
 .debug_macro   0x000206f7      0x369 CMakeFiles/ASME_Chassis.dir/Core/Src/VL53L0X.c.obj
 .debug_macro   0x00020a60       0x10 CMakeFiles/ASME_Chassis.dir/Core/Src/VL53L0X.c.obj
 .debug_macro   0x00020a70       0x35 CMakeFiles/ASME_Chassis.dir/Core/Src/VL53L0X.c.obj
 .debug_macro   0x00020aa5       0x20 CMakeFiles/ASME_Chassis.dir/Core/Src/VL53L0X.c.obj
 .debug_macro   0x00020ac5      0x200 CMakeFiles/ASME_Chassis.dir/Core/Src/stm32f4xx_it.c.obj
 .debug_macro   0x00020cc5      0x1f6 CMakeFiles/ASME_Chassis.dir/Core/Src/stm32f4xx_hal_msp.c.obj
 .debug_macro   0x00020ebb      0x235 CMakeFiles/ASME_Chassis.dir/Drivers/STM32F4xx_HAL_Driver/Src/stm32f4xx_hal_i2c.c.obj
 .debug_macro   0x000210f0      0x20b CMakeFiles/ASME_Chassis.dir/Drivers/STM32F4xx_HAL_Driver/Src/stm32f4xx_hal_rcc.c.obj
 .debug_macro   0x000212fb      0x1e7 CMakeFiles/ASME_Chassis.dir/Drivers/STM32F4xx_HAL_Driver/Src/stm32f4xx_hal_rcc_ex.c.obj
 .debug_macro   0x000214e2      0x1ed CMakeFiles/ASME_Chassis.dir/Drivers/STM32F4xx_HAL_Driver/Src/stm32f4xx_hal_gpio.c.obj
 .debug_macro   0x000216cf      0x1e7 CMakeFiles/ASME_Chassis.dir/Drivers/STM32F4xx_HAL_Driver/Src/stm32f4xx_hal_cortex.c.obj
 .debug_macro   0x000218b6      0x247 CMakeFiles/ASME_Chassis.dir/Drivers/STM32F4xx_HAL_Driver/Src/stm32f4xx_hal.c.obj
 .debug_macro   0x00021afd      0x1e8 CMakeFiles/ASME_Chassis.dir/Drivers/STM32F4xx_HAL_Driver/Src/stm32f4xx_hal_tim.c.obj
 .debug_macro   0x00021ce5      0x1e7 CMakeFiles/ASME_Chassis.dir/Drivers/STM32F4xx_HAL_Driver/Src/stm32f4xx_hal_tim_ex.c.obj
 .debug_macro   0x00021ecc      0x1e8 CMakeFiles/ASME_Chassis.dir/Drivers/STM32F4xx_HAL_Driver/Src/stm32f4xx_hal_uart.c.obj
 .debug_macro   0x000220b4      0x1e7 CMakeFiles/ASME_Chassis.dir/Core/Src/system_stm32f4xx.c.obj

.debug_line     0x00000000    0x13d51
 .debug_line    0x00000000      0x9fc CMakeFiles/ASME_Chassis.dir/Core/Src/main.c.obj
 .debug_line    0x000009fc      0x363 CMakeFiles/ASME_Chassis.dir/Core/Src/PID.c.obj
 .debug_line    0x00000d5f      0x7a2 CMakeFiles/ASME_Chassis.dir/Core/Src/L298N.c.obj
 .debug_line    0x00001501     0x1017 CMakeFiles/ASME_Chassis.dir/Core/Src/VL53L0X.c.obj
 .debug_line    0x00002518      0x856 CMakeFiles/ASME_Chassis.dir/Core/Src/stm32f4xx_it.c.obj
 .debug_line    0x00002d6e      0x8ec CMakeFiles/ASME_Chassis.dir/Core/Src/stm32f4xx_hal_msp.c.obj
 .debug_line    0x0000365a     0x3b97 CMakeFiles/ASME_Chassis.dir/Drivers/STM32F4xx_HAL_Driver/Src/stm32f4xx_hal_i2c.c.obj
 .debug_line    0x000071f1      0xde8 CMakeFiles/ASME_Chassis.dir/Drivers/STM32F4xx_HAL_Driver/Src/stm32f4xx_hal_rcc.c.obj
 .debug_line    0x00007fd9     0x1458 CMakeFiles/ASME_Chassis.dir/Drivers/STM32F4xx_HAL_Driver/Src/stm32f4xx_hal_rcc_ex.c.obj
 .debug_line    0x00009431      0xbc9 CMakeFiles/ASME_Chassis.dir/Drivers/STM32F4xx_HAL_Driver/Src/stm32f4xx_hal_gpio.c.obj
 .debug_line    0x00009ffa      0xd43 CMakeFiles/ASME_Chassis.dir/Drivers/STM32F4xx_HAL_Driver/Src/stm32f4xx_hal_cortex.c.obj
 .debug_line    0x0000ad3d      0xa51 CMakeFiles/ASME_Chassis.dir/Drivers/STM32F4xx_HAL_Driver/Src/stm32f4xx_hal.c.obj
 .debug_line    0x0000b78e     0x37f5 CMakeFiles/ASME_Chassis.dir/Drivers/STM32F4xx_HAL_Driver/Src/stm32f4xx_hal_tim.c.obj
 .debug_line    0x0000ef83     0x1a47 CMakeFiles/ASME_Chassis.dir/Drivers/STM32F4xx_HAL_Driver/Src/stm32f4xx_hal_tim_ex.c.obj
 .debug_line    0x000109ca     0x2923 CMakeFiles/ASME_Chassis.dir/Drivers/STM32F4xx_HAL_Driver/Src/stm32f4xx_hal_uart.c.obj
 .debug_line    0x000132ed      0x7e8 CMakeFiles/ASME_Chassis.dir/Core/Src/system_stm32f4xx.c.obj
 .debug_line    0x00013ad5       0x7a CMakeFiles/ASME_Chassis.dir/startup_stm32f446xx.s.obj
 .debug_line    0x00013b4f      0x202 C:/ST/STM32CubeCLT_1.15.0/GNU-tools-for-STM32/bin/../lib/gcc/arm-none-eabi/12.3.1/../../../../arm-none-eabi/lib/thumb/v7e-m+fp/hard\libg_nano.a(libc_a-memcpy-stub.o)

.debug_str      0x00000000    0xd378f
 .debug_str     0x00000000    0xcc091 CMakeFiles/ASME_Chassis.dir/Core/Src/main.c.obj
                              0xcc43c (size before relaxing)
 .debug_str     0x000cc091       0x64 CMakeFiles/ASME_Chassis.dir/Core/Src/PID.c.obj
                               0x3dc0 (size before relaxing)
 .debug_str     0x000cc0f5       0x65 CMakeFiles/ASME_Chassis.dir/Core/Src/L298N.c.obj
                              0xcb5dd (size before relaxing)
 .debug_str     0x000cc15a     0x3804 CMakeFiles/ASME_Chassis.dir/Core/Src/VL53L0X.c.obj
                              0xcefe6 (size before relaxing)
 .debug_str     0x000cf95e      0x128 CMakeFiles/ASME_Chassis.dir/Core/Src/stm32f4xx_it.c.obj
                              0xcb6fd (size before relaxing)
 .debug_str     0x000cfa86      0x693 CMakeFiles/ASME_Chassis.dir/Core/Src/stm32f4xx_hal_msp.c.obj
                              0xcc2d9 (size before relaxing)
 .debug_str     0x000d0119      0xb7a CMakeFiles/ASME_Chassis.dir/Drivers/STM32F4xx_HAL_Driver/Src/stm32f4xx_hal_i2c.c.obj
                              0xcc1b0 (size before relaxing)
 .debug_str     0x000d0c93      0x2a7 CMakeFiles/ASME_Chassis.dir/Drivers/STM32F4xx_HAL_Driver/Src/stm32f4xx_hal_rcc.c.obj
                              0xcb5eb (size before relaxing)
 .debug_str     0x000d0f3a      0x350 CMakeFiles/ASME_Chassis.dir/Drivers/STM32F4xx_HAL_Driver/Src/stm32f4xx_hal_rcc_ex.c.obj
                              0xcb61e (size before relaxing)
 .debug_str     0x000d128a      0x148 CMakeFiles/ASME_Chassis.dir/Drivers/STM32F4xx_HAL_Driver/Src/stm32f4xx_hal_gpio.c.obj
                              0xcb32d (size before relaxing)
 .debug_str     0x000d13d2      0x411 CMakeFiles/ASME_Chassis.dir/Drivers/STM32F4xx_HAL_Driver/Src/stm32f4xx_hal_cortex.c.obj
                              0xcbace (size before relaxing)
 .debug_str     0x000d17e3      0x5a0 CMakeFiles/ASME_Chassis.dir/Drivers/STM32F4xx_HAL_Driver/Src/stm32f4xx_hal.c.obj
                              0xcbd77 (size before relaxing)
 .debug_str     0x000d1d83      0xcad CMakeFiles/ASME_Chassis.dir/Drivers/STM32F4xx_HAL_Driver/Src/stm32f4xx_hal_tim.c.obj
                              0xcc517 (size before relaxing)
 .debug_str     0x000d2a30      0x4bf CMakeFiles/ASME_Chassis.dir/Drivers/STM32F4xx_HAL_Driver/Src/stm32f4xx_hal_tim_ex.c.obj
                              0xcbd23 (size before relaxing)
 .debug_str     0x000d2eef      0x63d CMakeFiles/ASME_Chassis.dir/Drivers/STM32F4xx_HAL_Driver/Src/stm32f4xx_hal_uart.c.obj
                              0xcbba2 (size before relaxing)
 .debug_str     0x000d352c       0x76 CMakeFiles/ASME_Chassis.dir/Core/Src/system_stm32f4xx.c.obj
                              0xcb1b2 (size before relaxing)
 .debug_str     0x000d35a2       0x61 CMakeFiles/ASME_Chassis.dir/startup_stm32f446xx.s.obj
                                 0x9c (size before relaxing)
 .debug_str     0x000d3603      0x18c C:/ST/STM32CubeCLT_1.15.0/GNU-tools-for-STM32/bin/../lib/gcc/arm-none-eabi/12.3.1/../../../../arm-none-eabi/lib/thumb/v7e-m+fp/hard\libg_nano.a(libc_a-memcpy-stub.o)
                                0x22f (size before relaxing)

.comment        0x00000000       0x43
 .comment       0x00000000       0x43 CMakeFiles/ASME_Chassis.dir/Core/Src/main.c.obj
                                 0x44 (size before relaxing)
 .comment       0x00000043       0x44 CMakeFiles/ASME_Chassis.dir/Core/Src/PID.c.obj
 .comment       0x00000043       0x44 CMakeFiles/ASME_Chassis.dir/Core/Src/L298N.c.obj
 .comment       0x00000043       0x44 CMakeFiles/ASME_Chassis.dir/Core/Src/VL53L0X.c.obj
 .comment       0x00000043       0x44 CMakeFiles/ASME_Chassis.dir/Core/Src/stm32f4xx_it.c.obj
 .comment       0x00000043       0x44 CMakeFiles/ASME_Chassis.dir/Core/Src/stm32f4xx_hal_msp.c.obj
 .comment       0x00000043       0x44 CMakeFiles/ASME_Chassis.dir/Drivers/STM32F4xx_HAL_Driver/Src/stm32f4xx_hal_i2c.c.obj
 .comment       0x00000043       0x44 CMakeFiles/ASME_Chassis.dir/Drivers/STM32F4xx_HAL_Driver/Src/stm32f4xx_hal_rcc.c.obj
 .comment       0x00000043       0x44 CMakeFiles/ASME_Chassis.dir/Drivers/STM32F4xx_HAL_Driver/Src/stm32f4xx_hal_rcc_ex.c.obj
 .comment       0x00000043       0x44 CMakeFiles/ASME_Chassis.dir/Drivers/STM32F4xx_HAL_Driver/Src/stm32f4xx_hal_gpio.c.obj
 .comment       0x00000043       0x44 CMakeFiles/ASME_Chassis.dir/Drivers/STM32F4xx_HAL_Driver/Src/stm32f4xx_hal_cortex.c.obj
 .comment       0x00000043       0x44 CMakeFiles/ASME_Chassis.dir/Drivers/STM32F4xx_HAL_Driver/Src/stm32f4xx_hal.c.obj
 .comment       0x00000043       0x44 CMakeFiles/ASME_Chassis.dir/Drivers/STM32F4xx_HAL_Driver/Src/stm32f4xx_hal_tim.c.obj
 .comment       0x00000043       0x44 CMakeFiles/ASME_Chassis.dir/Drivers/STM32F4xx_HAL_Driver/Src/stm32f4xx_hal_tim_ex.c.obj
 .comment       0x00000043       0x44 CMakeFiles/ASME_Chassis.dir/Drivers/STM32F4xx_HAL_Driver/Src/stm32f4xx_hal_uart.c.obj
 .comment       0x00000043       0x44 CMakeFiles/ASME_Chassis.dir/Core/Src/system_stm32f4xx.c.obj
 .comment       0x00000043       0x44 C:/ST/STM32CubeCLT_1.15.0/GNU-tools-for-STM32/bin/../lib/gcc/arm-none-eabi/12.3.1/../../../../arm-none-eabi/lib/thumb/v7e-m+fp/hard\libg_nano.a(libc_a-memcpy-stub.o)

.debug_line_str
                0x00000000       0x80
 .debug_line_str
                0x00000000       0x80 CMakeFiles/ASME_Chassis.dir/startup_stm32f446xx.s.obj

.debug_loclists
                0x00000000       0x8f
 .debug_loclists
                0x00000000       0x8f C:/ST/STM32CubeCLT_1.15.0/GNU-tools-for-STM32/bin/../lib/gcc/arm-none-eabi/12.3.1/../../../../arm-none-eabi/lib/thumb/v7e-m+fp/hard\libg_nano.a(libc_a-memcpy-stub.o)
